<?xml version="1.0" encoding="ISO-8859-1" ?>
<link_info>
   <banner>TI ARM Linker PC v20.2.4.LTS</banner>
   <copyright>Copyright (c) 1996-2018 Texas Instruments Incorporated</copyright>
   <link_time>0x610f18b7</link_time>
   <link_errors>0x0</link_errors>
   <output_file>Room Mapping Robot.out</output_file>
   <entry_point>
      <name>_c_int00_noargs</name>
      <address>0x7255</address>
   </entry_point>
   <input_file_list>
      <input_file id="fl-2">
         <path>.\</path>
         <kind>object</kind>
         <file>startup_msp432p401r_ccs.obj</file>
         <name>startup_msp432p401r_ccs.obj</name>
      </input_file>
      <input_file id="fl-3">
         <path>.\</path>
         <kind>object</kind>
         <file>system_msp432p401r.obj</file>
         <name>system_msp432p401r.obj</name>
      </input_file>
      <input_file id="fl-4">
         <path>.\BoardSupportPackage\src\</path>
         <kind>object</kind>
         <file>BSP.obj</file>
         <name>BSP.obj</name>
      </input_file>
      <input_file id="fl-5">
         <path>.\BoardSupportPackage\src\</path>
         <kind>object</kind>
         <file>BackChannelUart.obj</file>
         <name>BackChannelUart.obj</name>
      </input_file>
      <input_file id="fl-6">
         <path>.\BoardSupportPackage\src\</path>
         <kind>object</kind>
         <file>ClockSys.obj</file>
         <name>ClockSys.obj</name>
      </input_file>
      <input_file id="fl-7">
         <path>.\BoardSupportPackage\src\</path>
         <kind>object</kind>
         <file>I2CB1.obj</file>
         <name>I2CB1.obj</name>
      </input_file>
      <input_file id="fl-8">
         <path>.\BoardSupportPackage\src\</path>
         <kind>object</kind>
         <file>demo_sysctl.obj</file>
         <name>demo_sysctl.obj</name>
      </input_file>
      <input_file id="fl-9">
         <path>.\BoardSupportPackage\src\</path>
         <kind>object</kind>
         <file>i2c_driver.obj</file>
         <name>i2c_driver.obj</name>
      </input_file>
      <input_file id="fl-a">
         <path>.\RobotLibrary\LCD\src\LcdDriver\</path>
         <kind>object</kind>
         <file>HAL_MSP_EXP432P401R_KITRONIX320X240_SSD2119_SPI.obj</file>
         <name>HAL_MSP_EXP432P401R_KITRONIX320X240_SSD2119_SPI.obj</name>
      </input_file>
      <input_file id="fl-b">
         <path>.\RobotLibrary\LCD\src\LcdDriver\</path>
         <kind>object</kind>
         <file>kitronix320x240x16_ssd2119_spi.obj</file>
         <name>kitronix320x240x16_ssd2119_spi.obj</name>
      </input_file>
      <input_file id="fl-c">
         <path>.\RobotLibrary\LCD\src\fonts\</path>
         <kind>object</kind>
         <file>fontcm12.obj</file>
         <name>fontcm12.obj</name>
      </input_file>
      <input_file id="fl-d">
         <path>.\RobotLibrary\LCD\src\fonts\</path>
         <kind>object</kind>
         <file>fontcm12b.obj</file>
         <name>fontcm12b.obj</name>
      </input_file>
      <input_file id="fl-e">
         <path>.\RobotLibrary\LCD\src\fonts\</path>
         <kind>object</kind>
         <file>fontcm12i.obj</file>
         <name>fontcm12i.obj</name>
      </input_file>
      <input_file id="fl-f">
         <path>.\RobotLibrary\LCD\src\fonts\</path>
         <kind>object</kind>
         <file>fontcm14.obj</file>
         <name>fontcm14.obj</name>
      </input_file>
      <input_file id="fl-10">
         <path>.\RobotLibrary\LCD\src\fonts\</path>
         <kind>object</kind>
         <file>fontcm14b.obj</file>
         <name>fontcm14b.obj</name>
      </input_file>
      <input_file id="fl-11">
         <path>.\RobotLibrary\LCD\src\fonts\</path>
         <kind>object</kind>
         <file>fontcm14i.obj</file>
         <name>fontcm14i.obj</name>
      </input_file>
      <input_file id="fl-12">
         <path>.\RobotLibrary\LCD\src\fonts\</path>
         <kind>object</kind>
         <file>fontcm16.obj</file>
         <name>fontcm16.obj</name>
      </input_file>
      <input_file id="fl-13">
         <path>.\RobotLibrary\LCD\src\fonts\</path>
         <kind>object</kind>
         <file>fontcm16b.obj</file>
         <name>fontcm16b.obj</name>
      </input_file>
      <input_file id="fl-14">
         <path>.\RobotLibrary\LCD\src\fonts\</path>
         <kind>object</kind>
         <file>fontcm16i.obj</file>
         <name>fontcm16i.obj</name>
      </input_file>
      <input_file id="fl-15">
         <path>.\RobotLibrary\LCD\src\fonts\</path>
         <kind>object</kind>
         <file>fontcm18.obj</file>
         <name>fontcm18.obj</name>
      </input_file>
      <input_file id="fl-16">
         <path>.\RobotLibrary\LCD\src\fonts\</path>
         <kind>object</kind>
         <file>fontcm18b.obj</file>
         <name>fontcm18b.obj</name>
      </input_file>
      <input_file id="fl-17">
         <path>.\RobotLibrary\LCD\src\fonts\</path>
         <kind>object</kind>
         <file>fontcm18i.obj</file>
         <name>fontcm18i.obj</name>
      </input_file>
      <input_file id="fl-18">
         <path>.\RobotLibrary\LCD\src\fonts\</path>
         <kind>object</kind>
         <file>fontcm20.obj</file>
         <name>fontcm20.obj</name>
      </input_file>
      <input_file id="fl-19">
         <path>.\RobotLibrary\LCD\src\fonts\</path>
         <kind>object</kind>
         <file>fontcm20b.obj</file>
         <name>fontcm20b.obj</name>
      </input_file>
      <input_file id="fl-1a">
         <path>.\RobotLibrary\LCD\src\fonts\</path>
         <kind>object</kind>
         <file>fontcm20i.obj</file>
         <name>fontcm20i.obj</name>
      </input_file>
      <input_file id="fl-1b">
         <path>.\RobotLibrary\LCD\src\fonts\</path>
         <kind>object</kind>
         <file>fontcm22.obj</file>
         <name>fontcm22.obj</name>
      </input_file>
      <input_file id="fl-1c">
         <path>.\RobotLibrary\LCD\src\fonts\</path>
         <kind>object</kind>
         <file>fontcm22b.obj</file>
         <name>fontcm22b.obj</name>
      </input_file>
      <input_file id="fl-1d">
         <path>.\RobotLibrary\LCD\src\fonts\</path>
         <kind>object</kind>
         <file>fontcm22i.obj</file>
         <name>fontcm22i.obj</name>
      </input_file>
      <input_file id="fl-1e">
         <path>.\RobotLibrary\LCD\src\fonts\</path>
         <kind>object</kind>
         <file>fontcm24.obj</file>
         <name>fontcm24.obj</name>
      </input_file>
      <input_file id="fl-1f">
         <path>.\RobotLibrary\LCD\src\fonts\</path>
         <kind>object</kind>
         <file>fontcm24b.obj</file>
         <name>fontcm24b.obj</name>
      </input_file>
      <input_file id="fl-20">
         <path>.\RobotLibrary\LCD\src\fonts\</path>
         <kind>object</kind>
         <file>fontcm24i.obj</file>
         <name>fontcm24i.obj</name>
      </input_file>
      <input_file id="fl-21">
         <path>.\RobotLibrary\LCD\src\fonts\</path>
         <kind>object</kind>
         <file>fontcm26.obj</file>
         <name>fontcm26.obj</name>
      </input_file>
      <input_file id="fl-22">
         <path>.\RobotLibrary\LCD\src\fonts\</path>
         <kind>object</kind>
         <file>fontcm26b.obj</file>
         <name>fontcm26b.obj</name>
      </input_file>
      <input_file id="fl-23">
         <path>.\RobotLibrary\LCD\src\fonts\</path>
         <kind>object</kind>
         <file>fontcm26i.obj</file>
         <name>fontcm26i.obj</name>
      </input_file>
      <input_file id="fl-24">
         <path>.\RobotLibrary\LCD\src\fonts\</path>
         <kind>object</kind>
         <file>fontcm28.obj</file>
         <name>fontcm28.obj</name>
      </input_file>
      <input_file id="fl-25">
         <path>.\RobotLibrary\LCD\src\fonts\</path>
         <kind>object</kind>
         <file>fontcm28b.obj</file>
         <name>fontcm28b.obj</name>
      </input_file>
      <input_file id="fl-26">
         <path>.\RobotLibrary\LCD\src\fonts\</path>
         <kind>object</kind>
         <file>fontcm28i.obj</file>
         <name>fontcm28i.obj</name>
      </input_file>
      <input_file id="fl-27">
         <path>.\RobotLibrary\LCD\src\fonts\</path>
         <kind>object</kind>
         <file>fontcm30.obj</file>
         <name>fontcm30.obj</name>
      </input_file>
      <input_file id="fl-28">
         <path>.\RobotLibrary\LCD\src\fonts\</path>
         <kind>object</kind>
         <file>fontcm30b.obj</file>
         <name>fontcm30b.obj</name>
      </input_file>
      <input_file id="fl-29">
         <path>.\RobotLibrary\LCD\src\fonts\</path>
         <kind>object</kind>
         <file>fontcm30i.obj</file>
         <name>fontcm30i.obj</name>
      </input_file>
      <input_file id="fl-2a">
         <path>.\RobotLibrary\LCD\src\fonts\</path>
         <kind>object</kind>
         <file>fontcm32.obj</file>
         <name>fontcm32.obj</name>
      </input_file>
      <input_file id="fl-2b">
         <path>.\RobotLibrary\LCD\src\fonts\</path>
         <kind>object</kind>
         <file>fontcm32b.obj</file>
         <name>fontcm32b.obj</name>
      </input_file>
      <input_file id="fl-2c">
         <path>.\RobotLibrary\LCD\src\fonts\</path>
         <kind>object</kind>
         <file>fontcm32i.obj</file>
         <name>fontcm32i.obj</name>
      </input_file>
      <input_file id="fl-2d">
         <path>.\RobotLibrary\LCD\src\fonts\</path>
         <kind>object</kind>
         <file>fontcm34.obj</file>
         <name>fontcm34.obj</name>
      </input_file>
      <input_file id="fl-2e">
         <path>.\RobotLibrary\LCD\src\fonts\</path>
         <kind>object</kind>
         <file>fontcm34b.obj</file>
         <name>fontcm34b.obj</name>
      </input_file>
      <input_file id="fl-2f">
         <path>.\RobotLibrary\LCD\src\fonts\</path>
         <kind>object</kind>
         <file>fontcm34i.obj</file>
         <name>fontcm34i.obj</name>
      </input_file>
      <input_file id="fl-30">
         <path>.\RobotLibrary\LCD\src\fonts\</path>
         <kind>object</kind>
         <file>fontcm36.obj</file>
         <name>fontcm36.obj</name>
      </input_file>
      <input_file id="fl-31">
         <path>.\RobotLibrary\LCD\src\fonts\</path>
         <kind>object</kind>
         <file>fontcm36b.obj</file>
         <name>fontcm36b.obj</name>
      </input_file>
      <input_file id="fl-32">
         <path>.\RobotLibrary\LCD\src\fonts\</path>
         <kind>object</kind>
         <file>fontcm36i.obj</file>
         <name>fontcm36i.obj</name>
      </input_file>
      <input_file id="fl-33">
         <path>.\RobotLibrary\LCD\src\fonts\</path>
         <kind>object</kind>
         <file>fontcm38.obj</file>
         <name>fontcm38.obj</name>
      </input_file>
      <input_file id="fl-34">
         <path>.\RobotLibrary\LCD\src\fonts\</path>
         <kind>object</kind>
         <file>fontcm38b.obj</file>
         <name>fontcm38b.obj</name>
      </input_file>
      <input_file id="fl-35">
         <path>.\RobotLibrary\LCD\src\fonts\</path>
         <kind>object</kind>
         <file>fontcm38i.obj</file>
         <name>fontcm38i.obj</name>
      </input_file>
      <input_file id="fl-36">
         <path>.\RobotLibrary\LCD\src\fonts\</path>
         <kind>object</kind>
         <file>fontcm40.obj</file>
         <name>fontcm40.obj</name>
      </input_file>
      <input_file id="fl-37">
         <path>.\RobotLibrary\LCD\src\fonts\</path>
         <kind>object</kind>
         <file>fontcm40b.obj</file>
         <name>fontcm40b.obj</name>
      </input_file>
      <input_file id="fl-38">
         <path>.\RobotLibrary\LCD\src\fonts\</path>
         <kind>object</kind>
         <file>fontcm40i.obj</file>
         <name>fontcm40i.obj</name>
      </input_file>
      <input_file id="fl-39">
         <path>.\RobotLibrary\LCD\src\fonts\</path>
         <kind>object</kind>
         <file>fontcm42.obj</file>
         <name>fontcm42.obj</name>
      </input_file>
      <input_file id="fl-3a">
         <path>.\RobotLibrary\LCD\src\fonts\</path>
         <kind>object</kind>
         <file>fontcm42b.obj</file>
         <name>fontcm42b.obj</name>
      </input_file>
      <input_file id="fl-3b">
         <path>.\RobotLibrary\LCD\src\fonts\</path>
         <kind>object</kind>
         <file>fontcm42i.obj</file>
         <name>fontcm42i.obj</name>
      </input_file>
      <input_file id="fl-3c">
         <path>.\RobotLibrary\LCD\src\fonts\</path>
         <kind>object</kind>
         <file>fontcm44.obj</file>
         <name>fontcm44.obj</name>
      </input_file>
      <input_file id="fl-3d">
         <path>.\RobotLibrary\LCD\src\fonts\</path>
         <kind>object</kind>
         <file>fontcm44b.obj</file>
         <name>fontcm44b.obj</name>
      </input_file>
      <input_file id="fl-3e">
         <path>.\RobotLibrary\LCD\src\fonts\</path>
         <kind>object</kind>
         <file>fontcm44i.obj</file>
         <name>fontcm44i.obj</name>
      </input_file>
      <input_file id="fl-3f">
         <path>.\RobotLibrary\LCD\src\fonts\</path>
         <kind>object</kind>
         <file>fontcm46.obj</file>
         <name>fontcm46.obj</name>
      </input_file>
      <input_file id="fl-40">
         <path>.\RobotLibrary\LCD\src\fonts\</path>
         <kind>object</kind>
         <file>fontcm46b.obj</file>
         <name>fontcm46b.obj</name>
      </input_file>
      <input_file id="fl-41">
         <path>.\RobotLibrary\LCD\src\fonts\</path>
         <kind>object</kind>
         <file>fontcm46i.obj</file>
         <name>fontcm46i.obj</name>
      </input_file>
      <input_file id="fl-42">
         <path>.\RobotLibrary\LCD\src\fonts\</path>
         <kind>object</kind>
         <file>fontcm48.obj</file>
         <name>fontcm48.obj</name>
      </input_file>
      <input_file id="fl-43">
         <path>.\RobotLibrary\LCD\src\fonts\</path>
         <kind>object</kind>
         <file>fontcm48b.obj</file>
         <name>fontcm48b.obj</name>
      </input_file>
      <input_file id="fl-44">
         <path>.\RobotLibrary\LCD\src\fonts\</path>
         <kind>object</kind>
         <file>fontcm48i.obj</file>
         <name>fontcm48i.obj</name>
      </input_file>
      <input_file id="fl-45">
         <path>.\RobotLibrary\LCD\src\fonts\</path>
         <kind>object</kind>
         <file>fontcmsc12.obj</file>
         <name>fontcmsc12.obj</name>
      </input_file>
      <input_file id="fl-46">
         <path>.\RobotLibrary\LCD\src\fonts\</path>
         <kind>object</kind>
         <file>fontcmsc14.obj</file>
         <name>fontcmsc14.obj</name>
      </input_file>
      <input_file id="fl-47">
         <path>.\RobotLibrary\LCD\src\fonts\</path>
         <kind>object</kind>
         <file>fontcmsc16.obj</file>
         <name>fontcmsc16.obj</name>
      </input_file>
      <input_file id="fl-48">
         <path>.\RobotLibrary\LCD\src\fonts\</path>
         <kind>object</kind>
         <file>fontcmsc18.obj</file>
         <name>fontcmsc18.obj</name>
      </input_file>
      <input_file id="fl-49">
         <path>.\RobotLibrary\LCD\src\fonts\</path>
         <kind>object</kind>
         <file>fontcmsc20.obj</file>
         <name>fontcmsc20.obj</name>
      </input_file>
      <input_file id="fl-4a">
         <path>.\RobotLibrary\LCD\src\fonts\</path>
         <kind>object</kind>
         <file>fontcmsc22.obj</file>
         <name>fontcmsc22.obj</name>
      </input_file>
      <input_file id="fl-4b">
         <path>.\RobotLibrary\LCD\src\fonts\</path>
         <kind>object</kind>
         <file>fontcmsc24.obj</file>
         <name>fontcmsc24.obj</name>
      </input_file>
      <input_file id="fl-4c">
         <path>.\RobotLibrary\LCD\src\fonts\</path>
         <kind>object</kind>
         <file>fontcmsc26.obj</file>
         <name>fontcmsc26.obj</name>
      </input_file>
      <input_file id="fl-4d">
         <path>.\RobotLibrary\LCD\src\fonts\</path>
         <kind>object</kind>
         <file>fontcmsc28.obj</file>
         <name>fontcmsc28.obj</name>
      </input_file>
      <input_file id="fl-4e">
         <path>.\RobotLibrary\LCD\src\fonts\</path>
         <kind>object</kind>
         <file>fontcmsc30.obj</file>
         <name>fontcmsc30.obj</name>
      </input_file>
      <input_file id="fl-4f">
         <path>.\RobotLibrary\LCD\src\fonts\</path>
         <kind>object</kind>
         <file>fontcmsc32.obj</file>
         <name>fontcmsc32.obj</name>
      </input_file>
      <input_file id="fl-50">
         <path>.\RobotLibrary\LCD\src\fonts\</path>
         <kind>object</kind>
         <file>fontcmsc34.obj</file>
         <name>fontcmsc34.obj</name>
      </input_file>
      <input_file id="fl-51">
         <path>.\RobotLibrary\LCD\src\fonts\</path>
         <kind>object</kind>
         <file>fontcmsc36.obj</file>
         <name>fontcmsc36.obj</name>
      </input_file>
      <input_file id="fl-52">
         <path>.\RobotLibrary\LCD\src\fonts\</path>
         <kind>object</kind>
         <file>fontcmsc38.obj</file>
         <name>fontcmsc38.obj</name>
      </input_file>
      <input_file id="fl-53">
         <path>.\RobotLibrary\LCD\src\fonts\</path>
         <kind>object</kind>
         <file>fontcmsc40.obj</file>
         <name>fontcmsc40.obj</name>
      </input_file>
      <input_file id="fl-54">
         <path>.\RobotLibrary\LCD\src\fonts\</path>
         <kind>object</kind>
         <file>fontcmsc42.obj</file>
         <name>fontcmsc42.obj</name>
      </input_file>
      <input_file id="fl-55">
         <path>.\RobotLibrary\LCD\src\fonts\</path>
         <kind>object</kind>
         <file>fontcmsc44.obj</file>
         <name>fontcmsc44.obj</name>
      </input_file>
      <input_file id="fl-56">
         <path>.\RobotLibrary\LCD\src\fonts\</path>
         <kind>object</kind>
         <file>fontcmsc46.obj</file>
         <name>fontcmsc46.obj</name>
      </input_file>
      <input_file id="fl-57">
         <path>.\RobotLibrary\LCD\src\fonts\</path>
         <kind>object</kind>
         <file>fontcmsc48.obj</file>
         <name>fontcmsc48.obj</name>
      </input_file>
      <input_file id="fl-58">
         <path>.\RobotLibrary\LCD\src\fonts\</path>
         <kind>object</kind>
         <file>fontcmss12.obj</file>
         <name>fontcmss12.obj</name>
      </input_file>
      <input_file id="fl-59">
         <path>.\RobotLibrary\LCD\src\fonts\</path>
         <kind>object</kind>
         <file>fontcmss12b.obj</file>
         <name>fontcmss12b.obj</name>
      </input_file>
      <input_file id="fl-5a">
         <path>.\RobotLibrary\LCD\src\fonts\</path>
         <kind>object</kind>
         <file>fontcmss12i.obj</file>
         <name>fontcmss12i.obj</name>
      </input_file>
      <input_file id="fl-5b">
         <path>.\RobotLibrary\LCD\src\fonts\</path>
         <kind>object</kind>
         <file>fontcmss14.obj</file>
         <name>fontcmss14.obj</name>
      </input_file>
      <input_file id="fl-5c">
         <path>.\RobotLibrary\LCD\src\fonts\</path>
         <kind>object</kind>
         <file>fontcmss14b.obj</file>
         <name>fontcmss14b.obj</name>
      </input_file>
      <input_file id="fl-5d">
         <path>.\RobotLibrary\LCD\src\fonts\</path>
         <kind>object</kind>
         <file>fontcmss14i.obj</file>
         <name>fontcmss14i.obj</name>
      </input_file>
      <input_file id="fl-5e">
         <path>.\RobotLibrary\LCD\src\fonts\</path>
         <kind>object</kind>
         <file>fontcmss16.obj</file>
         <name>fontcmss16.obj</name>
      </input_file>
      <input_file id="fl-5f">
         <path>.\RobotLibrary\LCD\src\fonts\</path>
         <kind>object</kind>
         <file>fontcmss16b.obj</file>
         <name>fontcmss16b.obj</name>
      </input_file>
      <input_file id="fl-60">
         <path>.\RobotLibrary\LCD\src\fonts\</path>
         <kind>object</kind>
         <file>fontcmss16i.obj</file>
         <name>fontcmss16i.obj</name>
      </input_file>
      <input_file id="fl-61">
         <path>.\RobotLibrary\LCD\src\fonts\</path>
         <kind>object</kind>
         <file>fontcmss18.obj</file>
         <name>fontcmss18.obj</name>
      </input_file>
      <input_file id="fl-62">
         <path>.\RobotLibrary\LCD\src\fonts\</path>
         <kind>object</kind>
         <file>fontcmss18b.obj</file>
         <name>fontcmss18b.obj</name>
      </input_file>
      <input_file id="fl-63">
         <path>.\RobotLibrary\LCD\src\fonts\</path>
         <kind>object</kind>
         <file>fontcmss18i.obj</file>
         <name>fontcmss18i.obj</name>
      </input_file>
      <input_file id="fl-64">
         <path>.\RobotLibrary\LCD\src\fonts\</path>
         <kind>object</kind>
         <file>fontcmss20.obj</file>
         <name>fontcmss20.obj</name>
      </input_file>
      <input_file id="fl-65">
         <path>.\RobotLibrary\LCD\src\fonts\</path>
         <kind>object</kind>
         <file>fontcmss20b.obj</file>
         <name>fontcmss20b.obj</name>
      </input_file>
      <input_file id="fl-66">
         <path>.\RobotLibrary\LCD\src\fonts\</path>
         <kind>object</kind>
         <file>fontcmss20i.obj</file>
         <name>fontcmss20i.obj</name>
      </input_file>
      <input_file id="fl-67">
         <path>.\RobotLibrary\LCD\src\fonts\</path>
         <kind>object</kind>
         <file>fontcmss22.obj</file>
         <name>fontcmss22.obj</name>
      </input_file>
      <input_file id="fl-68">
         <path>.\RobotLibrary\LCD\src\fonts\</path>
         <kind>object</kind>
         <file>fontcmss22b.obj</file>
         <name>fontcmss22b.obj</name>
      </input_file>
      <input_file id="fl-69">
         <path>.\RobotLibrary\LCD\src\fonts\</path>
         <kind>object</kind>
         <file>fontcmss22i.obj</file>
         <name>fontcmss22i.obj</name>
      </input_file>
      <input_file id="fl-6a">
         <path>.\RobotLibrary\LCD\src\fonts\</path>
         <kind>object</kind>
         <file>fontcmss24.obj</file>
         <name>fontcmss24.obj</name>
      </input_file>
      <input_file id="fl-6b">
         <path>.\RobotLibrary\LCD\src\fonts\</path>
         <kind>object</kind>
         <file>fontcmss24b.obj</file>
         <name>fontcmss24b.obj</name>
      </input_file>
      <input_file id="fl-6c">
         <path>.\RobotLibrary\LCD\src\fonts\</path>
         <kind>object</kind>
         <file>fontcmss24i.obj</file>
         <name>fontcmss24i.obj</name>
      </input_file>
      <input_file id="fl-6d">
         <path>.\RobotLibrary\LCD\src\fonts\</path>
         <kind>object</kind>
         <file>fontcmss26.obj</file>
         <name>fontcmss26.obj</name>
      </input_file>
      <input_file id="fl-6e">
         <path>.\RobotLibrary\LCD\src\fonts\</path>
         <kind>object</kind>
         <file>fontcmss26b.obj</file>
         <name>fontcmss26b.obj</name>
      </input_file>
      <input_file id="fl-6f">
         <path>.\RobotLibrary\LCD\src\fonts\</path>
         <kind>object</kind>
         <file>fontcmss26i.obj</file>
         <name>fontcmss26i.obj</name>
      </input_file>
      <input_file id="fl-70">
         <path>.\RobotLibrary\LCD\src\fonts\</path>
         <kind>object</kind>
         <file>fontcmss28.obj</file>
         <name>fontcmss28.obj</name>
      </input_file>
      <input_file id="fl-71">
         <path>.\RobotLibrary\LCD\src\fonts\</path>
         <kind>object</kind>
         <file>fontcmss28b.obj</file>
         <name>fontcmss28b.obj</name>
      </input_file>
      <input_file id="fl-72">
         <path>.\RobotLibrary\LCD\src\fonts\</path>
         <kind>object</kind>
         <file>fontcmss28i.obj</file>
         <name>fontcmss28i.obj</name>
      </input_file>
      <input_file id="fl-73">
         <path>.\RobotLibrary\LCD\src\fonts\</path>
         <kind>object</kind>
         <file>fontcmss30.obj</file>
         <name>fontcmss30.obj</name>
      </input_file>
      <input_file id="fl-74">
         <path>.\RobotLibrary\LCD\src\fonts\</path>
         <kind>object</kind>
         <file>fontcmss30b.obj</file>
         <name>fontcmss30b.obj</name>
      </input_file>
      <input_file id="fl-75">
         <path>.\RobotLibrary\LCD\src\fonts\</path>
         <kind>object</kind>
         <file>fontcmss30i.obj</file>
         <name>fontcmss30i.obj</name>
      </input_file>
      <input_file id="fl-76">
         <path>.\RobotLibrary\LCD\src\fonts\</path>
         <kind>object</kind>
         <file>fontcmss32.obj</file>
         <name>fontcmss32.obj</name>
      </input_file>
      <input_file id="fl-77">
         <path>.\RobotLibrary\LCD\src\fonts\</path>
         <kind>object</kind>
         <file>fontcmss32b.obj</file>
         <name>fontcmss32b.obj</name>
      </input_file>
      <input_file id="fl-78">
         <path>.\RobotLibrary\LCD\src\fonts\</path>
         <kind>object</kind>
         <file>fontcmss32i.obj</file>
         <name>fontcmss32i.obj</name>
      </input_file>
      <input_file id="fl-79">
         <path>.\RobotLibrary\LCD\src\fonts\</path>
         <kind>object</kind>
         <file>fontcmss34.obj</file>
         <name>fontcmss34.obj</name>
      </input_file>
      <input_file id="fl-7a">
         <path>.\RobotLibrary\LCD\src\fonts\</path>
         <kind>object</kind>
         <file>fontcmss34b.obj</file>
         <name>fontcmss34b.obj</name>
      </input_file>
      <input_file id="fl-7b">
         <path>.\RobotLibrary\LCD\src\fonts\</path>
         <kind>object</kind>
         <file>fontcmss34i.obj</file>
         <name>fontcmss34i.obj</name>
      </input_file>
      <input_file id="fl-7c">
         <path>.\RobotLibrary\LCD\src\fonts\</path>
         <kind>object</kind>
         <file>fontcmss36.obj</file>
         <name>fontcmss36.obj</name>
      </input_file>
      <input_file id="fl-7d">
         <path>.\RobotLibrary\LCD\src\fonts\</path>
         <kind>object</kind>
         <file>fontcmss36b.obj</file>
         <name>fontcmss36b.obj</name>
      </input_file>
      <input_file id="fl-7e">
         <path>.\RobotLibrary\LCD\src\fonts\</path>
         <kind>object</kind>
         <file>fontcmss36i.obj</file>
         <name>fontcmss36i.obj</name>
      </input_file>
      <input_file id="fl-7f">
         <path>.\RobotLibrary\LCD\src\fonts\</path>
         <kind>object</kind>
         <file>fontcmss38.obj</file>
         <name>fontcmss38.obj</name>
      </input_file>
      <input_file id="fl-80">
         <path>.\RobotLibrary\LCD\src\fonts\</path>
         <kind>object</kind>
         <file>fontcmss38b.obj</file>
         <name>fontcmss38b.obj</name>
      </input_file>
      <input_file id="fl-81">
         <path>.\RobotLibrary\LCD\src\fonts\</path>
         <kind>object</kind>
         <file>fontcmss38i.obj</file>
         <name>fontcmss38i.obj</name>
      </input_file>
      <input_file id="fl-82">
         <path>.\RobotLibrary\LCD\src\fonts\</path>
         <kind>object</kind>
         <file>fontcmss40.obj</file>
         <name>fontcmss40.obj</name>
      </input_file>
      <input_file id="fl-83">
         <path>.\RobotLibrary\LCD\src\fonts\</path>
         <kind>object</kind>
         <file>fontcmss40b.obj</file>
         <name>fontcmss40b.obj</name>
      </input_file>
      <input_file id="fl-84">
         <path>.\RobotLibrary\LCD\src\fonts\</path>
         <kind>object</kind>
         <file>fontcmss40i.obj</file>
         <name>fontcmss40i.obj</name>
      </input_file>
      <input_file id="fl-85">
         <path>.\RobotLibrary\LCD\src\fonts\</path>
         <kind>object</kind>
         <file>fontcmss42.obj</file>
         <name>fontcmss42.obj</name>
      </input_file>
      <input_file id="fl-86">
         <path>.\RobotLibrary\LCD\src\fonts\</path>
         <kind>object</kind>
         <file>fontcmss42b.obj</file>
         <name>fontcmss42b.obj</name>
      </input_file>
      <input_file id="fl-87">
         <path>.\RobotLibrary\LCD\src\fonts\</path>
         <kind>object</kind>
         <file>fontcmss42i.obj</file>
         <name>fontcmss42i.obj</name>
      </input_file>
      <input_file id="fl-88">
         <path>.\RobotLibrary\LCD\src\fonts\</path>
         <kind>object</kind>
         <file>fontcmss44.obj</file>
         <name>fontcmss44.obj</name>
      </input_file>
      <input_file id="fl-89">
         <path>.\RobotLibrary\LCD\src\fonts\</path>
         <kind>object</kind>
         <file>fontcmss44b.obj</file>
         <name>fontcmss44b.obj</name>
      </input_file>
      <input_file id="fl-8a">
         <path>.\RobotLibrary\LCD\src\fonts\</path>
         <kind>object</kind>
         <file>fontcmss44i.obj</file>
         <name>fontcmss44i.obj</name>
      </input_file>
      <input_file id="fl-8b">
         <path>.\RobotLibrary\LCD\src\fonts\</path>
         <kind>object</kind>
         <file>fontcmss46.obj</file>
         <name>fontcmss46.obj</name>
      </input_file>
      <input_file id="fl-8c">
         <path>.\RobotLibrary\LCD\src\fonts\</path>
         <kind>object</kind>
         <file>fontcmss46b.obj</file>
         <name>fontcmss46b.obj</name>
      </input_file>
      <input_file id="fl-8d">
         <path>.\RobotLibrary\LCD\src\fonts\</path>
         <kind>object</kind>
         <file>fontcmss46i.obj</file>
         <name>fontcmss46i.obj</name>
      </input_file>
      <input_file id="fl-8e">
         <path>.\RobotLibrary\LCD\src\fonts\</path>
         <kind>object</kind>
         <file>fontcmss48.obj</file>
         <name>fontcmss48.obj</name>
      </input_file>
      <input_file id="fl-8f">
         <path>.\RobotLibrary\LCD\src\fonts\</path>
         <kind>object</kind>
         <file>fontcmss48b.obj</file>
         <name>fontcmss48b.obj</name>
      </input_file>
      <input_file id="fl-90">
         <path>.\RobotLibrary\LCD\src\fonts\</path>
         <kind>object</kind>
         <file>fontcmss48i.obj</file>
         <name>fontcmss48i.obj</name>
      </input_file>
      <input_file id="fl-91">
         <path>.\RobotLibrary\LCD\src\fonts\</path>
         <kind>object</kind>
         <file>fontcmtt12.obj</file>
         <name>fontcmtt12.obj</name>
      </input_file>
      <input_file id="fl-92">
         <path>.\RobotLibrary\LCD\src\fonts\</path>
         <kind>object</kind>
         <file>fontcmtt14.obj</file>
         <name>fontcmtt14.obj</name>
      </input_file>
      <input_file id="fl-93">
         <path>.\RobotLibrary\LCD\src\fonts\</path>
         <kind>object</kind>
         <file>fontcmtt16.obj</file>
         <name>fontcmtt16.obj</name>
      </input_file>
      <input_file id="fl-94">
         <path>.\RobotLibrary\LCD\src\fonts\</path>
         <kind>object</kind>
         <file>fontcmtt18.obj</file>
         <name>fontcmtt18.obj</name>
      </input_file>
      <input_file id="fl-95">
         <path>.\RobotLibrary\LCD\src\fonts\</path>
         <kind>object</kind>
         <file>fontcmtt20.obj</file>
         <name>fontcmtt20.obj</name>
      </input_file>
      <input_file id="fl-96">
         <path>.\RobotLibrary\LCD\src\fonts\</path>
         <kind>object</kind>
         <file>fontcmtt22.obj</file>
         <name>fontcmtt22.obj</name>
      </input_file>
      <input_file id="fl-97">
         <path>.\RobotLibrary\LCD\src\fonts\</path>
         <kind>object</kind>
         <file>fontcmtt24.obj</file>
         <name>fontcmtt24.obj</name>
      </input_file>
      <input_file id="fl-98">
         <path>.\RobotLibrary\LCD\src\fonts\</path>
         <kind>object</kind>
         <file>fontcmtt26.obj</file>
         <name>fontcmtt26.obj</name>
      </input_file>
      <input_file id="fl-99">
         <path>.\RobotLibrary\LCD\src\fonts\</path>
         <kind>object</kind>
         <file>fontcmtt28.obj</file>
         <name>fontcmtt28.obj</name>
      </input_file>
      <input_file id="fl-9a">
         <path>.\RobotLibrary\LCD\src\fonts\</path>
         <kind>object</kind>
         <file>fontcmtt30.obj</file>
         <name>fontcmtt30.obj</name>
      </input_file>
      <input_file id="fl-9b">
         <path>.\RobotLibrary\LCD\src\fonts\</path>
         <kind>object</kind>
         <file>fontcmtt32.obj</file>
         <name>fontcmtt32.obj</name>
      </input_file>
      <input_file id="fl-9c">
         <path>.\RobotLibrary\LCD\src\fonts\</path>
         <kind>object</kind>
         <file>fontcmtt34.obj</file>
         <name>fontcmtt34.obj</name>
      </input_file>
      <input_file id="fl-9d">
         <path>.\RobotLibrary\LCD\src\fonts\</path>
         <kind>object</kind>
         <file>fontcmtt36.obj</file>
         <name>fontcmtt36.obj</name>
      </input_file>
      <input_file id="fl-9e">
         <path>.\RobotLibrary\LCD\src\fonts\</path>
         <kind>object</kind>
         <file>fontcmtt38.obj</file>
         <name>fontcmtt38.obj</name>
      </input_file>
      <input_file id="fl-9f">
         <path>.\RobotLibrary\LCD\src\fonts\</path>
         <kind>object</kind>
         <file>fontcmtt40.obj</file>
         <name>fontcmtt40.obj</name>
      </input_file>
      <input_file id="fl-a0">
         <path>.\RobotLibrary\LCD\src\fonts\</path>
         <kind>object</kind>
         <file>fontcmtt42.obj</file>
         <name>fontcmtt42.obj</name>
      </input_file>
      <input_file id="fl-a1">
         <path>.\RobotLibrary\LCD\src\fonts\</path>
         <kind>object</kind>
         <file>fontcmtt44.obj</file>
         <name>fontcmtt44.obj</name>
      </input_file>
      <input_file id="fl-a2">
         <path>.\RobotLibrary\LCD\src\fonts\</path>
         <kind>object</kind>
         <file>fontcmtt46.obj</file>
         <name>fontcmtt46.obj</name>
      </input_file>
      <input_file id="fl-a3">
         <path>.\RobotLibrary\LCD\src\fonts\</path>
         <kind>object</kind>
         <file>fontcmtt48.obj</file>
         <name>fontcmtt48.obj</name>
      </input_file>
      <input_file id="fl-a4">
         <path>.\RobotLibrary\LCD\src\fonts\</path>
         <kind>object</kind>
         <file>fontfixed6x8.obj</file>
         <name>fontfixed6x8.obj</name>
      </input_file>
      <input_file id="fl-a5">
         <path>.\RobotLibrary\LCD\src\grlib\</path>
         <kind>object</kind>
         <file>button.obj</file>
         <name>button.obj</name>
      </input_file>
      <input_file id="fl-a6">
         <path>.\RobotLibrary\LCD\src\grlib\</path>
         <kind>object</kind>
         <file>checkbox.obj</file>
         <name>checkbox.obj</name>
      </input_file>
      <input_file id="fl-a7">
         <path>.\RobotLibrary\LCD\src\grlib\</path>
         <kind>object</kind>
         <file>circle.obj</file>
         <name>circle.obj</name>
      </input_file>
      <input_file id="fl-a8">
         <path>.\RobotLibrary\LCD\src\grlib\</path>
         <kind>object</kind>
         <file>context.obj</file>
         <name>context.obj</name>
      </input_file>
      <input_file id="fl-a9">
         <path>.\RobotLibrary\LCD\src\grlib\</path>
         <kind>object</kind>
         <file>display.obj</file>
         <name>display.obj</name>
      </input_file>
      <input_file id="fl-aa">
         <path>.\RobotLibrary\LCD\src\grlib\</path>
         <kind>object</kind>
         <file>image.obj</file>
         <name>image.obj</name>
      </input_file>
      <input_file id="fl-ab">
         <path>.\RobotLibrary\LCD\src\grlib\</path>
         <kind>object</kind>
         <file>imageButton.obj</file>
         <name>imageButton.obj</name>
      </input_file>
      <input_file id="fl-ac">
         <path>.\RobotLibrary\LCD\src\grlib\</path>
         <kind>object</kind>
         <file>line.obj</file>
         <name>line.obj</name>
      </input_file>
      <input_file id="fl-ad">
         <path>.\RobotLibrary\LCD\src\grlib\</path>
         <kind>object</kind>
         <file>radioButton.obj</file>
         <name>radioButton.obj</name>
      </input_file>
      <input_file id="fl-ae">
         <path>.\RobotLibrary\LCD\src\grlib\</path>
         <kind>object</kind>
         <file>rectangle.obj</file>
         <name>rectangle.obj</name>
      </input_file>
      <input_file id="fl-af">
         <path>.\RobotLibrary\LCD\src\grlib\</path>
         <kind>object</kind>
         <file>string.obj</file>
         <name>string.obj</name>
      </input_file>
      <input_file id="fl-b0">
         <path>.\RobotLibrary\LCD\src\grlib\</path>
         <kind>object</kind>
         <file>touch_P401R.obj</file>
         <name>touch_P401R.obj</name>
      </input_file>
      <input_file id="fl-b1">
         <path>.\RobotLibrary\Motors\</path>
         <kind>object</kind>
         <file>Bumper.obj</file>
         <name>Bumper.obj</name>
      </input_file>
      <input_file id="fl-b2">
         <path>.\RobotLibrary\Motors\</path>
         <kind>object</kind>
         <file>MotorControl.obj</file>
         <name>MotorControl.obj</name>
      </input_file>
      <input_file id="fl-b3">
         <path>.\RobotLibrary\Motors\</path>
         <kind>object</kind>
         <file>Odometer.obj</file>
         <name>Odometer.obj</name>
      </input_file>
      <input_file id="fl-b4">
         <path>.\RobotLibrary\Motors\</path>
         <kind>object</kind>
         <file>Tachometer.obj</file>
         <name>Tachometer.obj</name>
      </input_file>
      <input_file id="fl-b5">
         <path>.\RobotLibrary\OPT3101\</path>
         <kind>object</kind>
         <file>OPT3101.obj</file>
         <name>OPT3101.obj</name>
      </input_file>
      <input_file id="fl-b6">
         <path>.\src\</path>
         <kind>object</kind>
         <file>grid.obj</file>
         <name>grid.obj</name>
      </input_file>
      <input_file id="fl-b7">
         <path>.\src\</path>
         <kind>object</kind>
         <file>gridDisplay.obj</file>
         <name>gridDisplay.obj</name>
      </input_file>
      <input_file id="fl-b8">
         <path>.\src\</path>
         <kind>object</kind>
         <file>main.obj</file>
         <name>main.obj</name>
      </input_file>
      <input_file id="fl-be">
         <kind>object</kind>
         <file>&lt;internal&gt;</file>
         <name>&lt;internal&gt;</name>
      </input_file>
      <input_file id="fl-bf">
         <path>..\BoardSupportPackage\DriverLib\</path>
         <kind>archive</kind>
         <file>msp432p4xx_driverlib.lib</file>
         <name>adc14.o</name>
      </input_file>
      <input_file id="fl-c0">
         <path>..\BoardSupportPackage\DriverLib\</path>
         <kind>archive</kind>
         <file>msp432p4xx_driverlib.lib</file>
         <name>cs.o</name>
      </input_file>
      <input_file id="fl-c1">
         <path>..\BoardSupportPackage\DriverLib\</path>
         <kind>archive</kind>
         <file>msp432p4xx_driverlib.lib</file>
         <name>flash.o</name>
      </input_file>
      <input_file id="fl-c2">
         <path>..\BoardSupportPackage\DriverLib\</path>
         <kind>archive</kind>
         <file>msp432p4xx_driverlib.lib</file>
         <name>fpu.o</name>
      </input_file>
      <input_file id="fl-c3">
         <path>..\BoardSupportPackage\DriverLib\</path>
         <kind>archive</kind>
         <file>msp432p4xx_driverlib.lib</file>
         <name>gpio.o</name>
      </input_file>
      <input_file id="fl-c4">
         <path>..\BoardSupportPackage\DriverLib\</path>
         <kind>archive</kind>
         <file>msp432p4xx_driverlib.lib</file>
         <name>i2c.o</name>
      </input_file>
      <input_file id="fl-c5">
         <path>..\BoardSupportPackage\DriverLib\</path>
         <kind>archive</kind>
         <file>msp432p4xx_driverlib.lib</file>
         <name>interrupt.o</name>
      </input_file>
      <input_file id="fl-c6">
         <path>..\BoardSupportPackage\DriverLib\</path>
         <kind>archive</kind>
         <file>msp432p4xx_driverlib.lib</file>
         <name>pcm.o</name>
      </input_file>
      <input_file id="fl-c7">
         <path>..\BoardSupportPackage\DriverLib\</path>
         <kind>archive</kind>
         <file>msp432p4xx_driverlib.lib</file>
         <name>rtc_c.o</name>
      </input_file>
      <input_file id="fl-c8">
         <path>..\BoardSupportPackage\DriverLib\</path>
         <kind>archive</kind>
         <file>msp432p4xx_driverlib.lib</file>
         <name>spi.o</name>
      </input_file>
      <input_file id="fl-c9">
         <path>..\BoardSupportPackage\DriverLib\</path>
         <kind>archive</kind>
         <file>msp432p4xx_driverlib.lib</file>
         <name>sysctl.o</name>
      </input_file>
      <input_file id="fl-ca">
         <path>..\BoardSupportPackage\DriverLib\</path>
         <kind>archive</kind>
         <file>msp432p4xx_driverlib.lib</file>
         <name>uart.o</name>
      </input_file>
      <input_file id="fl-cb">
         <path>..\BoardSupportPackage\DriverLib\</path>
         <kind>archive</kind>
         <file>msp432p4xx_driverlib.lib</file>
         <name>wdt_a.o</name>
      </input_file>
      <input_file id="fl-cc">
         <path>..\BoardSupportPackage\DriverLib\</path>
         <kind>archive</kind>
         <file>msp432p4xx_driverlib.lib</file>
         <name>cpu.o</name>
      </input_file>
      <input_file id="fl-182">
         <path>C:\ti\ccs1031\ccs\tools\compiler\ti-cgt-arm_20.2.4.LTS\lib\</path>
         <kind>archive</kind>
         <file>rtsv7M4_T_le_v4SPD16_eabi.lib</file>
         <name>snprintf.c.obj</name>
      </input_file>
      <input_file id="fl-183">
         <path>C:\ti\ccs1031\ccs\tools\compiler\ti-cgt-arm_20.2.4.LTS\lib\</path>
         <kind>archive</kind>
         <file>rtsv7M4_T_le_v4SPD16_eabi.lib</file>
         <name>sprintf.c.obj</name>
      </input_file>
      <input_file id="fl-184">
         <path>C:\ti\ccs1031\ccs\tools\compiler\ti-cgt-arm_20.2.4.LTS\lib\</path>
         <kind>archive</kind>
         <file>rtsv7M4_T_le_v4SPD16_eabi.lib</file>
         <name>memcpy_t2.asm.obj</name>
      </input_file>
      <input_file id="fl-185">
         <path>C:\ti\ccs1031\ccs\tools\compiler\ti-cgt-arm_20.2.4.LTS\lib\</path>
         <kind>archive</kind>
         <file>rtsv7M4_T_le_v4SPD16_eabi.lib</file>
         <name>copy_zero_init.c.obj</name>
      </input_file>
      <input_file id="fl-186">
         <path>C:\ti\ccs1031\ccs\tools\compiler\ti-cgt-arm_20.2.4.LTS\lib\</path>
         <kind>archive</kind>
         <file>rtsv7M4_T_le_v4SPD16_eabi.lib</file>
         <name>copy_decompress_none.c.obj</name>
      </input_file>
      <input_file id="fl-187">
         <path>C:\ti\ccs1031\ccs\tools\compiler\ti-cgt-arm_20.2.4.LTS\lib\</path>
         <kind>archive</kind>
         <file>rtsv7M4_T_le_v4SPD16_eabi.lib</file>
         <name>copy_decompress_lzss.c.obj</name>
      </input_file>
      <input_file id="fl-188">
         <path>C:\ti\ccs1031\ccs\tools\compiler\ti-cgt-arm_20.2.4.LTS\lib\</path>
         <kind>archive</kind>
         <file>rtsv7M4_T_le_v4SPD16_eabi.lib</file>
         <name>boot_cortex_m.c.obj</name>
      </input_file>
      <input_file id="fl-189">
         <path>C:\ti\ccs1031\ccs\tools\compiler\ti-cgt-arm_20.2.4.LTS\lib\</path>
         <kind>archive</kind>
         <file>rtsv7M4_T_le_v4SPD16_eabi.lib</file>
         <name>_printfi.c.obj</name>
      </input_file>
      <input_file id="fl-18a">
         <path>C:\ti\ccs1031\ccs\tools\compiler\ti-cgt-arm_20.2.4.LTS\lib\</path>
         <kind>archive</kind>
         <file>rtsv7M4_T_le_v4SPD16_eabi.lib</file>
         <name>s_frexp.c.obj</name>
      </input_file>
      <input_file id="fl-18b">
         <path>C:\ti\ccs1031\ccs\tools\compiler\ti-cgt-arm_20.2.4.LTS\lib\</path>
         <kind>archive</kind>
         <file>rtsv7M4_T_le_v4SPD16_eabi.lib</file>
         <name>s_scalbn.c.obj</name>
      </input_file>
      <input_file id="fl-18c">
         <path>C:\ti\ccs1031\ccs\tools\compiler\ti-cgt-arm_20.2.4.LTS\lib\</path>
         <kind>archive</kind>
         <file>rtsv7M4_T_le_v4SPD16_eabi.lib</file>
         <name>s_copysign.c.obj</name>
      </input_file>
      <input_file id="fl-18d">
         <path>C:\ti\ccs1031\ccs\tools\compiler\ti-cgt-arm_20.2.4.LTS\lib\</path>
         <kind>archive</kind>
         <file>rtsv7M4_T_le_v4SPD16_eabi.lib</file>
         <name>ull_div_t2.asm.obj</name>
      </input_file>
      <input_file id="fl-18e">
         <path>C:\ti\ccs1031\ccs\tools\compiler\ti-cgt-arm_20.2.4.LTS\lib\</path>
         <kind>archive</kind>
         <file>rtsv7M4_T_le_v4SPD16_eabi.lib</file>
         <name>memset_t2.asm.obj</name>
      </input_file>
      <input_file id="fl-18f">
         <path>C:\ti\ccs1031\ccs\tools\compiler\ti-cgt-arm_20.2.4.LTS\lib\</path>
         <kind>archive</kind>
         <file>rtsv7M4_T_le_v4SPD16_eabi.lib</file>
         <name>fd_add_t2.asm.obj</name>
      </input_file>
      <input_file id="fl-190">
         <path>C:\ti\ccs1031\ccs\tools\compiler\ti-cgt-arm_20.2.4.LTS\lib\</path>
         <kind>archive</kind>
         <file>rtsv7M4_T_le_v4SPD16_eabi.lib</file>
         <name>fd_cmp_t2.asm.obj</name>
      </input_file>
      <input_file id="fl-191">
         <path>C:\ti\ccs1031\ccs\tools\compiler\ti-cgt-arm_20.2.4.LTS\lib\</path>
         <kind>archive</kind>
         <file>rtsv7M4_T_le_v4SPD16_eabi.lib</file>
         <name>fd_div_t2.asm.obj</name>
      </input_file>
      <input_file id="fl-192">
         <path>C:\ti\ccs1031\ccs\tools\compiler\ti-cgt-arm_20.2.4.LTS\lib\</path>
         <kind>archive</kind>
         <file>rtsv7M4_T_le_v4SPD16_eabi.lib</file>
         <name>fd_mul_t2.asm.obj</name>
      </input_file>
      <input_file id="fl-193">
         <path>C:\ti\ccs1031\ccs\tools\compiler\ti-cgt-arm_20.2.4.LTS\lib\</path>
         <kind>archive</kind>
         <file>rtsv7M4_T_le_v4SPD16_eabi.lib</file>
         <name>fd_toi_t2.asm.obj</name>
      </input_file>
      <input_file id="fl-194">
         <path>C:\ti\ccs1031\ccs\tools\compiler\ti-cgt-arm_20.2.4.LTS\lib\</path>
         <kind>archive</kind>
         <file>rtsv7M4_T_le_v4SPD16_eabi.lib</file>
         <name>i_tofd_t2.asm.obj</name>
      </input_file>
      <input_file id="fl-195">
         <path>C:\ti\ccs1031\ccs\tools\compiler\ti-cgt-arm_20.2.4.LTS\lib\</path>
         <kind>archive</kind>
         <file>rtsv7M4_T_le_v4SPD16_eabi.lib</file>
         <name>autoinit.c.obj</name>
      </input_file>
      <input_file id="fl-196">
         <path>C:\ti\ccs1031\ccs\tools\compiler\ti-cgt-arm_20.2.4.LTS\lib\</path>
         <kind>archive</kind>
         <file>rtsv7M4_T_le_v4SPD16_eabi.lib</file>
         <name>pre_init.c.obj</name>
      </input_file>
      <input_file id="fl-197">
         <path>C:\ti\ccs1031\ccs\tools\compiler\ti-cgt-arm_20.2.4.LTS\lib\</path>
         <kind>archive</kind>
         <file>rtsv7M4_T_le_v4SPD16_eabi.lib</file>
         <name>cpy_tbl.c.obj</name>
      </input_file>
      <input_file id="fl-198">
         <path>C:\ti\ccs1031\ccs\tools\compiler\ti-cgt-arm_20.2.4.LTS\lib\</path>
         <kind>archive</kind>
         <file>rtsv7M4_T_le_v4SPD16_eabi.lib</file>
         <name>exit.c.obj</name>
      </input_file>
      <input_file id="fl-199">
         <path>C:\ti\ccs1031\ccs\tools\compiler\ti-cgt-arm_20.2.4.LTS\lib\</path>
         <kind>archive</kind>
         <file>rtsv7M4_T_le_v4SPD16_eabi.lib</file>
         <name>_lock.c.obj</name>
      </input_file>
      <input_file id="fl-19a">
         <path>C:\ti\ccs1031\ccs\tools\compiler\ti-cgt-arm_20.2.4.LTS\lib\</path>
         <kind>archive</kind>
         <file>rtsv7M4_T_le_v4SPD16_eabi.lib</file>
         <name>_ltoa.c.obj</name>
      </input_file>
      <input_file id="fl-19b">
         <path>C:\ti\ccs1031\ccs\tools\compiler\ti-cgt-arm_20.2.4.LTS\lib\</path>
         <kind>archive</kind>
         <file>rtsv7M4_T_le_v4SPD16_eabi.lib</file>
         <name>args_main.c.obj</name>
      </input_file>
      <input_file id="fl-19c">
         <path>C:\ti\ccs1031\ccs\tools\compiler\ti-cgt-arm_20.2.4.LTS\lib\</path>
         <kind>archive</kind>
         <file>rtsv7M4_T_le_v4SPD16_eabi.lib</file>
         <name>atoi.c.obj</name>
      </input_file>
      <input_file id="fl-19d">
         <path>C:\ti\ccs1031\ccs\tools\compiler\ti-cgt-arm_20.2.4.LTS\lib\</path>
         <kind>archive</kind>
         <file>rtsv7M4_T_le_v4SPD16_eabi.lib</file>
         <name>ctype.c.obj</name>
      </input_file>
      <input_file id="fl-19e">
         <path>C:\ti\ccs1031\ccs\tools\compiler\ti-cgt-arm_20.2.4.LTS\lib\</path>
         <kind>archive</kind>
         <file>rtsv7M4_T_le_v4SPD16_eabi.lib</file>
         <name>memccpy.c.obj</name>
      </input_file>
      <input_file id="fl-19f">
         <path>C:\ti\ccs1031\ccs\tools\compiler\ti-cgt-arm_20.2.4.LTS\lib\</path>
         <kind>archive</kind>
         <file>rtsv7M4_T_le_v4SPD16_eabi.lib</file>
         <name>strchr.c.obj</name>
      </input_file>
      <input_file id="fl-1a0">
         <path>C:\ti\ccs1031\ccs\tools\compiler\ti-cgt-arm_20.2.4.LTS\lib\</path>
         <kind>archive</kind>
         <file>rtsv7M4_T_le_v4SPD16_eabi.lib</file>
         <name>strlen.c.obj</name>
      </input_file>
      <input_file id="fl-1a1">
         <path>C:\ti\ccs1031\ccs\tools\compiler\ti-cgt-arm_20.2.4.LTS\lib\</path>
         <kind>archive</kind>
         <file>rtsv7M4_T_le_v4SPD16_eabi.lib</file>
         <name>errno.c.obj</name>
      </input_file>
      <input_file id="fl-1a2">
         <path>C:\ti\ccs1031\ccs\tools\compiler\ti-cgt-arm_20.2.4.LTS\lib\</path>
         <kind>archive</kind>
         <file>rtsv7M4_T_le_v4SPD16_eabi.lib</file>
         <name>wcslen.c.obj</name>
      </input_file>
      <input_file id="fl-1a3">
         <path>C:\ti\ccs1031\ccs\tools\compiler\ti-cgt-arm_20.2.4.LTS\lib\</path>
         <kind>archive</kind>
         <file>rtsv7M4_T_le_v4SPD16_eabi.lib</file>
         <name>div0.asm.obj</name>
      </input_file>
   </input_file_list>
   <object_component_list>
      <object_component id="oc-26">
         <name>.intvecs:retain</name>
         <load_address>0x0</load_address>
         <run_address>0x0</run_address>
         <size>0xe4</size>
         <input_file_ref idref="fl-2"/>
      </object_component>
      <object_component id="oc-41e">
         <name>.text:__TI_printfi</name>
         <load_address>0xe4</load_address>
         <run_address>0xe4</run_address>
         <size>0xa4e</size>
         <input_file_ref idref="fl-189"/>
      </object_component>
      <object_component id="oc-6b6">
         <name>.text</name>
         <load_address>0xb32</load_address>
         <run_address>0xb32</run_address>
         <size>0x2</size>
         <input_file_ref idref="fl-1a3"/>
      </object_component>
      <object_component id="oc-1a7">
         <name>.text</name>
         <load_address>0xb34</load_address>
         <run_address>0xb34</run_address>
         <size>0x9b0</size>
         <input_file_ref idref="fl-b7"/>
      </object_component>
      <object_component id="oc-2a1">
         <name>.text</name>
         <load_address>0x14e4</load_address>
         <run_address>0x14e4</run_address>
         <size>0x7be</size>
         <input_file_ref idref="fl-b"/>
      </object_component>
      <object_component id="oc-2bf">
         <name>.text</name>
         <load_address>0x1ca2</load_address>
         <run_address>0x1ca2</run_address>
         <size>0x630</size>
         <input_file_ref idref="fl-af"/>
      </object_component>
      <object_component id="oc-2ad">
         <name>.text</name>
         <load_address>0x22d4</load_address>
         <run_address>0x22d4</run_address>
         <size>0x570</size>
         <input_file_ref idref="fl-b0"/>
      </object_component>
      <object_component id="oc-7f">
         <name>.text</name>
         <load_address>0x2844</load_address>
         <run_address>0x2844</run_address>
         <size>0x4c4</size>
         <input_file_ref idref="fl-b5"/>
      </object_component>
      <object_component id="oc-403">
         <name>.text</name>
         <load_address>0x2d08</load_address>
         <run_address>0x2d08</run_address>
         <size>0x498</size>
         <input_file_ref idref="fl-a7"/>
      </object_component>
      <object_component id="oc-2b9">
         <name>.text</name>
         <load_address>0x31a0</load_address>
         <run_address>0x31a0</run_address>
         <size>0x490</size>
         <input_file_ref idref="fl-ac"/>
      </object_component>
      <object_component id="oc-73">
         <name>.text</name>
         <load_address>0x3630</load_address>
         <run_address>0x3630</run_address>
         <size>0x360</size>
         <input_file_ref idref="fl-9"/>
      </object_component>
      <object_component id="oc-ab">
         <name>.text</name>
         <load_address>0x3990</load_address>
         <run_address>0x3990</run_address>
         <size>0x350</size>
         <input_file_ref idref="fl-b8"/>
      </object_component>
      <object_component id="oc-161">
         <name>.text</name>
         <load_address>0x3ce0</load_address>
         <run_address>0x3ce0</run_address>
         <size>0x348</size>
         <input_file_ref idref="fl-b2"/>
      </object_component>
      <object_component id="oc-bd">
         <name>.text</name>
         <load_address>0x4028</load_address>
         <run_address>0x4028</run_address>
         <size>0x334</size>
         <input_file_ref idref="fl-3"/>
      </object_component>
      <object_component id="oc-6d">
         <name>.text</name>
         <load_address>0x435c</load_address>
         <run_address>0x435c</run_address>
         <size>0x29c</size>
         <input_file_ref idref="fl-b4"/>
      </object_component>
      <object_component id="oc-55d">
         <name>.text:_pconv_a</name>
         <load_address>0x45f8</load_address>
         <run_address>0x45f8</run_address>
         <size>0x270</size>
         <input_file_ref idref="fl-189"/>
      </object_component>
      <object_component id="oc-2a7">
         <name>.text</name>
         <load_address>0x4868</load_address>
         <run_address>0x4868</run_address>
         <size>0x266</size>
         <input_file_ref idref="fl-a8"/>
      </object_component>
      <object_component id="oc-54b">
         <name>.text:_pconv_g</name>
         <load_address>0x4ad0</load_address>
         <run_address>0x4ad0</run_address>
         <size>0x1d0</size>
         <input_file_ref idref="fl-189"/>
      </object_component>
      <object_component id="oc-168">
         <name>.text</name>
         <load_address>0x4ca0</load_address>
         <run_address>0x4ca0</run_address>
         <size>0x1cc</size>
         <input_file_ref idref="fl-7"/>
      </object_component>
      <object_component id="oc-64b">
         <name>.text</name>
         <load_address>0x4e6c</load_address>
         <run_address>0x4e6c</run_address>
         <size>0x1b6</size>
         <input_file_ref idref="fl-18f"/>
      </object_component>
      <object_component id="oc-33d">
         <name>.text:__PCM_setPowerStateAdvanced</name>
         <load_address>0x5022</load_address>
         <run_address>0x5022</run_address>
         <size>0x1a0</size>
         <input_file_ref idref="fl-c6"/>
      </object_component>
      <object_component id="oc-37e">
         <name>.text</name>
         <load_address>0x51c4</load_address>
         <run_address>0x51c4</run_address>
         <size>0x190</size>
         <input_file_ref idref="fl-a"/>
      </object_component>
      <object_component id="oc-510">
         <name>.text:_getIndexForMemRegister</name>
         <load_address>0x5354</load_address>
         <run_address>0x5354</run_address>
         <size>0x154</size>
         <input_file_ref idref="fl-bf"/>
      </object_component>
      <object_component id="oc-28d">
         <name>.text:CS_setDCOFrequency</name>
         <load_address>0x54a8</load_address>
         <run_address>0x54a8</run_address>
         <size>0x14c</size>
         <input_file_ref idref="fl-c0"/>
      </object_component>
      <object_component id="oc-299">
         <name>.text</name>
         <load_address>0x55f4</load_address>
         <run_address>0x55f4</run_address>
         <size>0x13c</size>
         <input_file_ref idref="fl-5"/>
      </object_component>
      <object_component id="oc-557">
         <name>.text:_pconv_e</name>
         <load_address>0x5730</load_address>
         <run_address>0x5730</run_address>
         <size>0x13c</size>
         <input_file_ref idref="fl-189"/>
      </object_component>
      <object_component id="oc-1ad">
         <name>.text</name>
         <load_address>0x586c</load_address>
         <run_address>0x586c</run_address>
         <size>0x138</size>
         <input_file_ref idref="fl-b6"/>
      </object_component>
      <object_component id="oc-631">
         <name>.text</name>
         <load_address>0x59a4</load_address>
         <run_address>0x59a4</run_address>
         <size>0x136</size>
         <input_file_ref idref="fl-191"/>
      </object_component>
      <object_component id="oc-386">
         <name>.text</name>
         <load_address>0x5ada</load_address>
         <run_address>0x5ada</run_address>
         <size>0x134</size>
         <input_file_ref idref="fl-a9"/>
      </object_component>
      <object_component id="oc-65d">
         <name>.text:fcvt</name>
         <load_address>0x5c10</load_address>
         <run_address>0x5c10</run_address>
         <size>0x124</size>
         <input_file_ref idref="fl-189"/>
      </object_component>
      <object_component id="oc-671">
         <name>.text:scalbn</name>
         <load_address>0x5d34</load_address>
         <run_address>0x5d34</run_address>
         <size>0x110</size>
         <input_file_ref idref="fl-18b"/>
      </object_component>
      <object_component id="oc-79">
         <name>.text</name>
         <load_address>0x5e44</load_address>
         <run_address>0x5e44</run_address>
         <size>0x10c</size>
         <input_file_ref idref="fl-b1"/>
      </object_component>
      <object_component id="oc-30e">
         <name>.text:CS_getDCOFrequency</name>
         <load_address>0x5f50</load_address>
         <run_address>0x5f50</run_address>
         <size>0x104</size>
         <input_file_ref idref="fl-c0"/>
      </object_component>
      <object_component id="oc-62c">
         <name>.text</name>
         <load_address>0x6054</load_address>
         <run_address>0x6054</run_address>
         <size>0xfc</size>
         <input_file_ref idref="fl-192"/>
      </object_component>
      <object_component id="oc-293">
         <name>.text:CS_initClockSignal</name>
         <load_address>0x6150</load_address>
         <run_address>0x6150</run_address>
         <size>0xe0</size>
         <input_file_ref idref="fl-c0"/>
      </object_component>
      <object_component id="oc-498">
         <name>.text:__PCM_setPowerModeAdvanced</name>
         <load_address>0x6230</load_address>
         <run_address>0x6230</run_address>
         <size>0xdc</size>
         <input_file_ref idref="fl-c6"/>
      </object_component>
      <object_component id="oc-540">
         <name>.text:_ltostr</name>
         <load_address>0x630c</load_address>
         <run_address>0x630c</run_address>
         <size>0xb1</size>
         <input_file_ref idref="fl-189"/>
      </object_component>
      <object_component id="oc-492">
         <name>.text:__PCM_setCoreVoltageLevelAdvanced</name>
         <load_address>0x63c0</load_address>
         <run_address>0x63c0</run_address>
         <size>0xb0</size>
         <input_file_ref idref="fl-c6"/>
      </object_component>
      <object_component id="oc-210">
         <name>.text:_CSComputeCLKFrequency</name>
         <load_address>0x6470</load_address>
         <run_address>0x6470</run_address>
         <size>0x9c</size>
         <input_file_ref idref="fl-c0"/>
      </object_component>
      <object_component id="oc-37">
         <name>.text</name>
         <load_address>0x650c</load_address>
         <run_address>0x650c</run_address>
         <size>0x9c</size>
         <input_file_ref idref="fl-184"/>
      </object_component>
      <object_component id="oc-625">
         <name>.text</name>
         <load_address>0x65a8</load_address>
         <run_address>0x65a8</run_address>
         <size>0x96</size>
         <input_file_ref idref="fl-18d"/>
      </object_component>
      <object_component id="oc-35f">
         <name>.text:UART_initModule</name>
         <load_address>0x6640</load_address>
         <run_address>0x6640</run_address>
         <size>0x94</size>
         <input_file_ref idref="fl-ca"/>
      </object_component>
      <object_component id="oc-4d6">
         <name>.text:SPI_initMaster</name>
         <load_address>0x66d4</load_address>
         <run_address>0x66d4</run_address>
         <size>0x88</size>
         <input_file_ref idref="fl-c8"/>
      </object_component>
      <object_component id="oc-546">
         <name>.text:__aeabi_cdcmple</name>
         <load_address>0x675c</load_address>
         <run_address>0x675c</run_address>
         <size>0x86</size>
         <input_file_ref idref="fl-190"/>
      </object_component>
      <object_component id="oc-636">
         <name>.text:__aeabi_cdrcmple</name>
         <load_address>0x67e2</load_address>
         <run_address>0x67e2</run_address>
         <size>0x86</size>
         <input_file_ref idref="fl-190"/>
      </object_component>
      <object_component id="oc-480">
         <name>.text:PCM_gotoLPM3</name>
         <load_address>0x6868</load_address>
         <run_address>0x6868</run_address>
         <size>0x7c</size>
         <input_file_ref idref="fl-c6"/>
      </object_component>
      <object_component id="oc-9f">
         <name>.text</name>
         <load_address>0x68e4</load_address>
         <run_address>0x68e4</run_address>
         <size>0x7a</size>
         <input_file_ref idref="fl-18e"/>
      </object_component>
      <object_component id="oc-656">
         <name>.text:_mcpy</name>
         <load_address>0x695e</load_address>
         <run_address>0x695e</run_address>
         <size>0x6e</size>
         <input_file_ref idref="fl-189"/>
      </object_component>
      <object_component id="oc-3b2">
         <name>.text:ADC14_configureConversionMemory</name>
         <load_address>0x69cc</load_address>
         <run_address>0x69cc</run_address>
         <size>0x6c</size>
         <input_file_ref idref="fl-bf"/>
      </object_component>
      <object_component id="oc-17">
         <name>.text:decompress:lzss:__TI_decompress_lzss</name>
         <load_address>0x6a38</load_address>
         <run_address>0x6a38</run_address>
         <size>0x68</size>
         <input_file_ref idref="fl-187"/>
      </object_component>
      <object_component id="oc-11f">
         <name>.text:Interrupt_disableInterrupt</name>
         <load_address>0x6aa0</load_address>
         <run_address>0x6aa0</run_address>
         <size>0x64</size>
         <input_file_ref idref="fl-c5"/>
      </object_component>
      <object_component id="oc-113">
         <name>.text:Interrupt_enableInterrupt</name>
         <load_address>0x6b04</load_address>
         <run_address>0x6b04</run_address>
         <size>0x64</size>
         <input_file_ref idref="fl-c5"/>
      </object_component>
      <object_component id="oc-66b">
         <name>.text:frexp</name>
         <load_address>0x6b68</load_address>
         <run_address>0x6b68</run_address>
         <size>0x64</size>
         <input_file_ref idref="fl-18a"/>
      </object_component>
      <object_component id="oc-19b">
         <name>.text</name>
         <load_address>0x6bcc</load_address>
         <run_address>0x6bcc</run_address>
         <size>0x58</size>
         <input_file_ref idref="fl-4"/>
      </object_component>
      <object_component id="oc-551">
         <name>.text:_pconv_f</name>
         <load_address>0x6c24</load_address>
         <run_address>0x6c24</run_address>
         <size>0x56</size>
         <input_file_ref idref="fl-189"/>
      </object_component>
      <object_component id="oc-34b">
         <name>.text:CS_tuneDCOFrequency</name>
         <load_address>0x6c7c</load_address>
         <run_address>0x6c7c</run_address>
         <size>0x54</size>
         <input_file_ref idref="fl-c0"/>
      </object_component>
      <object_component id="oc-640">
         <name>.text:__TI_ltoa</name>
         <load_address>0x6cd0</load_address>
         <run_address>0x6cd0</run_address>
         <size>0x54</size>
         <input_file_ref idref="fl-19a"/>
      </object_component>
      <object_component id="oc-650">
         <name>.text:_ecpy</name>
         <load_address>0x6d24</load_address>
         <run_address>0x6d24</run_address>
         <size>0x52</size>
         <input_file_ref idref="fl-189"/>
      </object_component>
      <object_component id="oc-48c">
         <name>.text:PCM_shutdownDevice</name>
         <load_address>0x6d78</load_address>
         <run_address>0x6d78</run_address>
         <size>0x50</size>
         <input_file_ref idref="fl-c6"/>
      </object_component>
      <object_component id="oc-345">
         <name>.text:SysCtl_getTLVInfo</name>
         <load_address>0x6dc8</load_address>
         <run_address>0x6dc8</run_address>
         <size>0x50</size>
         <input_file_ref idref="fl-c9"/>
      </object_component>
      <object_component id="oc-e3">
         <name>.text:GPIO_setAsPeripheralModuleFunctionOutputPin</name>
         <load_address>0x6e18</load_address>
         <run_address>0x6e18</run_address>
         <size>0x4c</size>
         <input_file_ref idref="fl-c3"/>
      </object_component>
      <object_component id="oc-461">
         <name>.text:_CSGetDOCFrequency</name>
         <load_address>0x6e64</load_address>
         <run_address>0x6e64</run_address>
         <size>0x4c</size>
         <input_file_ref idref="fl-c0"/>
      </object_component>
      <object_component id="oc-53a">
         <name>.text:atoi</name>
         <load_address>0x6eb0</load_address>
         <run_address>0x6eb0</run_address>
         <size>0x4c</size>
         <input_file_ref idref="fl-19c"/>
      </object_component>
      <object_component id="oc-36b">
         <name>.text:snprintf</name>
         <load_address>0x6efc</load_address>
         <run_address>0x6efc</run_address>
         <size>0x4c</size>
         <input_file_ref idref="fl-182"/>
      </object_component>
      <object_component id="oc-359">
         <name>.text:GPIO_setAsPeripheralModuleFunctionInputPin</name>
         <load_address>0x6f48</load_address>
         <run_address>0x6f48</run_address>
         <size>0x48</size>
         <input_file_ref idref="fl-c3"/>
      </object_component>
      <object_component id="oc-c4">
         <name>.text</name>
         <load_address>0x6f90</load_address>
         <run_address>0x6f90</run_address>
         <size>0x48</size>
         <input_file_ref idref="fl-b3"/>
      </object_component>
      <object_component id="oc-308">
         <name>.text:_CSGetDividerValue</name>
         <load_address>0x6fd8</load_address>
         <run_address>0x6fd8</run_address>
         <size>0x48</size>
         <input_file_ref idref="fl-c0"/>
      </object_component>
      <object_component id="oc-63b">
         <name>.text</name>
         <load_address>0x7020</load_address>
         <run_address>0x7020</run_address>
         <size>0x48</size>
         <input_file_ref idref="fl-193"/>
      </object_component>
      <object_component id="oc-3e8">
         <name>.text:ADC14_configureSingleSampleMode</name>
         <load_address>0x7068</load_address>
         <run_address>0x7068</run_address>
         <size>0x44</size>
         <input_file_ref idref="fl-bf"/>
      </object_component>
      <object_component id="oc-1ce">
         <name>.text:__TI_auto_init_nobinit_nopinit:__TI_auto_init_nobinit_nopinit</name>
         <load_address>0x70ac</load_address>
         <run_address>0x70ac</run_address>
         <size>0x44</size>
         <input_file_ref idref="fl-195"/>
      </object_component>
      <object_component id="oc-2c9">
         <name>.text:sprintf</name>
         <load_address>0x70f0</load_address>
         <run_address>0x70f0</run_address>
         <size>0x40</size>
         <input_file_ref idref="fl-183"/>
      </object_component>
      <object_component id="oc-f5">
         <name>.text:I2C_initMaster</name>
         <load_address>0x7130</load_address>
         <run_address>0x7130</run_address>
         <size>0x3e</size>
         <input_file_ref idref="fl-c4"/>
      </object_component>
      <object_component id="oc-663">
         <name>.text:_fcpy</name>
         <load_address>0x716e</load_address>
         <run_address>0x716e</run_address>
         <size>0x3e</size>
         <input_file_ref idref="fl-189"/>
      </object_component>
      <object_component id="oc-38e">
         <name>.text:ADC14_initModule</name>
         <load_address>0x71ac</load_address>
         <run_address>0x71ac</run_address>
         <size>0x38</size>
         <input_file_ref idref="fl-bf"/>
      </object_component>
      <object_component id="oc-3a6">
         <name>.text:ADC14_setSampleHoldTrigger</name>
         <load_address>0x71e4</load_address>
         <run_address>0x71e4</run_address>
         <size>0x38</size>
         <input_file_ref idref="fl-bf"/>
      </object_component>
      <object_component id="oc-10d">
         <name>.text:I2C_masterSendMultiByteStart</name>
         <load_address>0x721c</load_address>
         <run_address>0x721c</run_address>
         <size>0x38</size>
         <input_file_ref idref="fl-c4"/>
      </object_component>
      <object_component id="oc-55">
         <name>.text:_c_int00_noargs:_c_int00_noargs</name>
         <load_address>0x7254</load_address>
         <run_address>0x7254</run_address>
         <size>0x34</size>
         <input_file_ref idref="fl-188"/>
      </object_component>
      <object_component id="oc-3b8">
         <name>.text:GPIO_setAsInputPinWithPullUpResistor</name>
         <load_address>0x7288</load_address>
         <run_address>0x7288</run_address>
         <size>0x30</size>
         <input_file_ref idref="fl-c3"/>
      </object_component>
      <object_component id="oc-13d">
         <name>.text:I2C_masterSendMultiByteStop</name>
         <load_address>0x72b8</load_address>
         <run_address>0x72b8</run_address>
         <size>0x30</size>
         <input_file_ref idref="fl-c4"/>
      </object_component>
      <object_component id="oc-4ae">
         <name>.text:_outs</name>
         <load_address>0x72e8</load_address>
         <run_address>0x72e8</run_address>
         <size>0x30</size>
         <input_file_ref idref="fl-182"/>
      </object_component>
      <object_component id="oc-5cb">
         <name>.text:is_A_Module</name>
         <load_address>0x7318</load_address>
         <run_address>0x7318</run_address>
         <size>0x30</size>
         <input_file_ref idref="fl-c8"/>
      </object_component>
      <object_component id="oc-646">
         <name>.text</name>
         <load_address>0x7348</load_address>
         <run_address>0x7348</run_address>
         <size>0x2e</size>
         <input_file_ref idref="fl-194"/>
      </object_component>
      <object_component id="oc-3ee">
         <name>.text:ADC14_enableConversion</name>
         <load_address>0x7378</load_address>
         <run_address>0x7378</run_address>
         <size>0x2c</size>
         <input_file_ref idref="fl-bf"/>
      </object_component>
      <object_component id="oc-3a0">
         <name>.text:ADC14_setSampleHoldTime</name>
         <load_address>0x73a4</load_address>
         <run_address>0x73a4</run_address>
         <size>0x2c</size>
         <input_file_ref idref="fl-bf"/>
      </object_component>
      <object_component id="oc-3ca">
         <name>.text:GPIO_setAsInputPin</name>
         <load_address>0x73d0</load_address>
         <run_address>0x73d0</run_address>
         <size>0x2c</size>
         <input_file_ref idref="fl-c3"/>
      </object_component>
      <object_component id="oc-5b3">
         <name>.text:PCM_getCoreVoltageLevel</name>
         <load_address>0x73fc</load_address>
         <run_address>0x73fc</run_address>
         <size>0x2c</size>
         <input_file_ref idref="fl-c6"/>
      </object_component>
      <object_component id="oc-598">
         <name>.text:PCM_getPowerMode</name>
         <load_address>0x7428</load_address>
         <run_address>0x7428</run_address>
         <size>0x2a</size>
         <input_file_ref idref="fl-c6"/>
      </object_component>
      <object_component id="oc-39a">
         <name>.text:ADC14_enableSampleTimer</name>
         <load_address>0x7454</load_address>
         <run_address>0x7454</run_address>
         <size>0x28</size>
         <input_file_ref idref="fl-bf"/>
      </object_component>
      <object_component id="oc-27b">
         <name>.text:FlashCtl_setWaitState</name>
         <load_address>0x747c</load_address>
         <run_address>0x747c</run_address>
         <size>0x28</size>
         <input_file_ref idref="fl-c1"/>
      </object_component>
      <object_component id="oc-49e">
         <name>.text:PCM_gotoLPM0</name>
         <load_address>0x74a4</load_address>
         <run_address>0x74a4</run_address>
         <size>0x28</size>
         <input_file_ref idref="fl-c6"/>
      </object_component>
      <object_component id="oc-16e">
         <name>.text</name>
         <load_address>0x74cc</load_address>
         <run_address>0x74cc</run_address>
         <size>0x26</size>
         <input_file_ref idref="fl-8"/>
      </object_component>
      <object_component id="oc-314">
         <name>.text:CS_clearInterruptFlag</name>
         <load_address>0x74f4</load_address>
         <run_address>0x74f4</run_address>
         <size>0x24</size>
         <input_file_ref idref="fl-c0"/>
      </object_component>
      <object_component id="oc-287">
         <name>.text:CS_setDCOCenteredFrequency</name>
         <load_address>0x7518</load_address>
         <run_address>0x7518</run_address>
         <size>0x24</size>
         <input_file_ref idref="fl-c0"/>
      </object_component>
      <object_component id="oc-3c4">
         <name>.text:GPIO_setAsOutputPin</name>
         <load_address>0x753c</load_address>
         <run_address>0x753c</run_address>
         <size>0x24</size>
         <input_file_ref idref="fl-c3"/>
      </object_component>
      <object_component id="oc-149">
         <name>.text:I2C_masterSendMultiByteNext</name>
         <load_address>0x7560</load_address>
         <run_address>0x7560</run_address>
         <size>0x24</size>
         <input_file_ref idref="fl-c4"/>
      </object_component>
      <object_component id="oc-5ab">
         <name>.text:RTC_C_holdClock</name>
         <load_address>0x7584</load_address>
         <run_address>0x7584</run_address>
         <size>0x24</size>
         <input_file_ref idref="fl-c7"/>
      </object_component>
      <object_component id="oc-353">
         <name>.text:UART_transmitData</name>
         <load_address>0x75a8</load_address>
         <run_address>0x75a8</run_address>
         <size>0x24</size>
         <input_file_ref idref="fl-ca"/>
      </object_component>
      <object_component id="oc-3dc">
         <name>.text:ADC14_clearInterruptFlag</name>
         <load_address>0x75cc</load_address>
         <run_address>0x75cc</run_address>
         <size>0x20</size>
         <input_file_ref idref="fl-bf"/>
      </object_component>
      <object_component id="oc-3f4">
         <name>.text:ADC14_toggleConversionTrigger</name>
         <load_address>0x75ec</load_address>
         <run_address>0x75ec</run_address>
         <size>0x20</size>
         <input_file_ref idref="fl-bf"/>
      </object_component>
      <object_component id="oc-4dc">
         <name>.text:SPI_clearInterruptFlag</name>
         <load_address>0x760c</load_address>
         <run_address>0x760c</run_address>
         <size>0x20</size>
         <input_file_ref idref="fl-c8"/>
      </object_component>
      <object_component id="oc-4f4">
         <name>.text:SPI_getInterruptStatus</name>
         <load_address>0x762c</load_address>
         <run_address>0x762c</run_address>
         <size>0x20</size>
         <input_file_ref idref="fl-c8"/>
      </object_component>
      <object_component id="oc-4ee">
         <name>.text:SPI_transmitData</name>
         <load_address>0x764c</load_address>
         <run_address>0x764c</run_address>
         <size>0x20</size>
         <input_file_ref idref="fl-c8"/>
      </object_component>
      <object_component id="oc-3fa">
         <name>.text:ADC14_getInterruptStatus</name>
         <load_address>0x766c</load_address>
         <run_address>0x766c</run_address>
         <size>0x1c</size>
         <input_file_ref idref="fl-bf"/>
      </object_component>
      <object_component id="oc-5ed">
         <name>.text:EUSCI_A_SPI_isBusy</name>
         <load_address>0x7688</load_address>
         <run_address>0x7688</run_address>
         <size>0x1c</size>
         <input_file_ref idref="fl-c8"/>
      </object_component>
      <object_component id="oc-5f3">
         <name>.text:EUSCI_B_SPI_isBusy</name>
         <load_address>0x76a4</load_address>
         <run_address>0x76a4</run_address>
         <size>0x1c</size>
         <input_file_ref idref="fl-c8"/>
      </object_component>
      <object_component id="oc-43">
         <name>.text:decompress:ZI:__TI_zero_init_nomemset:__TI_zero_init_nomemset</name>
         <load_address>0x76c0</load_address>
         <run_address>0x76c0</run_address>
         <size>0x1c</size>
         <input_file_ref idref="fl-185"/>
      </object_component>
      <object_component id="oc-563">
         <name>.text:memccpy</name>
         <load_address>0x76dc</load_address>
         <run_address>0x76dc</run_address>
         <size>0x1c</size>
         <input_file_ref idref="fl-19e"/>
      </object_component>
      <object_component id="oc-4e2">
         <name>.text:SPI_enableModule</name>
         <load_address>0x76f8</load_address>
         <run_address>0x76f8</run_address>
         <size>0x1a</size>
         <input_file_ref idref="fl-c8"/>
      </object_component>
      <object_component id="oc-4e8">
         <name>.text:SPI_isBusy</name>
         <load_address>0x7712</load_address>
         <run_address>0x7712</run_address>
         <size>0x1a</size>
         <input_file_ref idref="fl-c8"/>
      </object_component>
      <object_component id="oc-6cf">
         <name>.text:copysign</name>
         <load_address>0x772c</load_address>
         <run_address>0x772c</run_address>
         <size>0x1a</size>
         <input_file_ref idref="fl-18c"/>
      </object_component>
      <object_component id="oc-252">
         <name>.text:CS_getMCLK</name>
         <load_address>0x7748</load_address>
         <run_address>0x7748</run_address>
         <size>0x18</size>
         <input_file_ref idref="fl-c0"/>
      </object_component>
      <object_component id="oc-dd">
         <name>.text:CS_getSMCLK</name>
         <load_address>0x7760</load_address>
         <run_address>0x7760</run_address>
         <size>0x18</size>
         <input_file_ref idref="fl-c0"/>
      </object_component>
      <object_component id="oc-3be">
         <name>.text:GPIO_getInputPinValue</name>
         <load_address>0x7778</load_address>
         <run_address>0x7778</run_address>
         <size>0x18</size>
         <input_file_ref idref="fl-c3"/>
      </object_component>
      <object_component id="oc-3d6">
         <name>.text:GPIO_setOutputLowOnPin</name>
         <load_address>0x7790</load_address>
         <run_address>0x7790</run_address>
         <size>0x18</size>
         <input_file_ref idref="fl-c3"/>
      </object_component>
      <object_component id="oc-26f">
         <name>.text:WDT_A_clearTimer</name>
         <load_address>0x77a8</load_address>
         <run_address>0x77a8</run_address>
         <size>0x18</size>
         <input_file_ref idref="fl-cb"/>
      </object_component>
      <object_component id="oc-275">
         <name>.text:WDT_A_holdTimer</name>
         <load_address>0x77c0</load_address>
         <run_address>0x77c0</run_address>
         <size>0x18</size>
         <input_file_ref idref="fl-cb"/>
      </object_component>
      <object_component id="oc-4b4">
         <name>.text:_outc</name>
[...]
         <object_component_ref idref="oc-ef"/>
      </symbol>
      <symbol id="sm-99a">
         <name>Interrupt_disableInterrupt</name>
         <value>0x6aa1</value>
         <object_component_ref idref="oc-11f"/>
      </symbol>
      <symbol id="sm-99b">
         <name>Interrupt_enableInterrupt</name>
         <value>0x6b05</value>
         <object_component_ref idref="oc-113"/>
      </symbol>
      <symbol id="sm-a58">
         <name>PCM_getCoreVoltageLevel</name>
         <value>0x73fd</value>
         <object_component_ref idref="oc-5b3"/>
      </symbol>
      <symbol id="sm-a59">
         <name>PCM_shutdownDevice</name>
         <value>0x6d79</value>
         <object_component_ref idref="oc-48c"/>
      </symbol>
      <symbol id="sm-a5a">
         <name>PCM_setPowerState</name>
         <value>0x79b3</value>
         <object_component_ref idref="oc-281"/>
      </symbol>
      <symbol id="sm-a5b">
         <name>PCM_getPowerMode</name>
         <value>0x7429</value>
         <object_component_ref idref="oc-598"/>
      </symbol>
      <symbol id="sm-a5c">
         <name>PCM_getPowerState</name>
         <value>0x7971</value>
         <object_component_ref idref="oc-47a"/>
      </symbol>
      <symbol id="sm-a5d">
         <name>PCM_gotoLPM4</name>
         <value>0x78dd</value>
         <object_component_ref idref="oc-486"/>
      </symbol>
      <symbol id="sm-a5e">
         <name>PCM_gotoLPM3</name>
         <value>0x6869</value>
         <object_component_ref idref="oc-480"/>
      </symbol>
      <symbol id="sm-a5f">
         <name>PCM_gotoLPM0</name>
         <value>0x74a5</value>
         <object_component_ref idref="oc-49e"/>
      </symbol>
      <symbol id="sm-a60">
         <name>PCM_setPowerMode</name>
         <value>0x79ab</value>
         <object_component_ref idref="oc-59e"/>
      </symbol>
      <symbol id="sm-a6d">
         <name>RTC_C_holdClock</name>
         <value>0x7585</value>
         <object_component_ref idref="oc-5ab"/>
      </symbol>
      <symbol id="sm-b13">
         <name>EUSCI_B_SPI_isBusy</name>
         <value>0x76a5</value>
         <object_component_ref idref="oc-5f3"/>
      </symbol>
      <symbol id="sm-b14">
         <name>EUSCI_A_SPI_getInterruptStatus</name>
         <value>0x7993</value>
         <object_component_ref idref="oc-607"/>
      </symbol>
      <symbol id="sm-b15">
         <name>EUSCI_B_SPI_getInterruptStatus</name>
         <value>0x799b</value>
         <object_component_ref idref="oc-60d"/>
      </symbol>
      <symbol id="sm-b16">
         <name>EUSCI_B_SPI_enable</name>
         <value>0x794d</value>
         <object_component_ref idref="oc-5e0"/>
      </symbol>
      <symbol id="sm-b17">
         <name>SPI_enableModule</name>
         <value>0x76f9</value>
         <object_component_ref idref="oc-4e2"/>
      </symbol>
      <symbol id="sm-b18">
         <name>EUSCI_A_SPI_transmitData</name>
         <value>0x79e1</value>
         <object_component_ref idref="oc-600"/>
      </symbol>
      <symbol id="sm-b19">
         <name>SPI_clearInterruptFlag</name>
         <value>0x760d</value>
         <object_component_ref idref="oc-4dc"/>
      </symbol>
      <symbol id="sm-b1a">
         <name>EUSCI_B_SPI_transmitData</name>
         <value>0x79e5</value>
         <object_component_ref idref="oc-5fa"/>
      </symbol>
      <symbol id="sm-b1b">
         <name>SPI_isBusy</name>
         <value>0x7713</value>
         <object_component_ref idref="oc-4e8"/>
      </symbol>
      <symbol id="sm-b1c">
         <name>EUSCI_B_SPI_clearInterruptFlag</name>
         <value>0x78fb</value>
         <object_component_ref idref="oc-5d3"/>
      </symbol>
      <symbol id="sm-b1d">
         <name>EUSCI_A_SPI_clearInterruptFlag</name>
         <value>0x78ed</value>
         <object_component_ref idref="oc-5d9"/>
      </symbol>
      <symbol id="sm-b1e">
         <name>SPI_transmitData</name>
         <value>0x764d</value>
         <object_component_ref idref="oc-4ee"/>
      </symbol>
      <symbol id="sm-b1f">
         <name>EUSCI_A_SPI_enable</name>
         <value>0x7941</value>
         <object_component_ref idref="oc-5e6"/>
      </symbol>
      <symbol id="sm-b20">
         <name>SPI_getInterruptStatus</name>
         <value>0x762d</value>
         <object_component_ref idref="oc-4f4"/>
      </symbol>
      <symbol id="sm-b21">
         <name>SPI_initMaster</name>
         <value>0x66d5</value>
         <object_component_ref idref="oc-4d6"/>
      </symbol>
      <symbol id="sm-b22">
         <name>EUSCI_A_SPI_isBusy</name>
         <value>0x7689</value>
         <object_component_ref idref="oc-5ed"/>
      </symbol>
      <symbol id="sm-b37">
         <name>SysCtl_getTLVInfo</name>
         <value>0x6dc9</value>
         <object_component_ref idref="oc-345"/>
      </symbol>
      <symbol id="sm-b66">
         <name>UART_enableModule</name>
         <value>0x797d</value>
         <object_component_ref idref="oc-365"/>
      </symbol>
      <symbol id="sm-b67">
         <name>UART_transmitData</name>
         <value>0x75a9</value>
         <object_component_ref idref="oc-353"/>
      </symbol>
      <symbol id="sm-b68">
         <name>UART_initModule</name>
         <value>0x6641</value>
         <object_component_ref idref="oc-35f"/>
      </symbol>
      <symbol id="sm-b7e">
         <name>WDT_A_clearTimer</name>
         <value>0x77a9</value>
         <object_component_ref idref="oc-26f"/>
      </symbol>
      <symbol id="sm-b7f">
         <name>WDT_A_holdTimer</name>
         <value>0x77c1</value>
         <object_component_ref idref="oc-275"/>
      </symbol>
      <symbol id="sm-b89">
         <name>CPU_wfi</name>
         <value>0x79dd</value>
         <object_component_ref idref="oc-5a4"/>
      </symbol>
      <symbol id="sm-bb8">
         <name>snprintf</name>
         <value>0x6efd</value>
         <object_component_ref idref="oc-36b"/>
      </symbol>
      <symbol id="sm-bda">
         <name>sprintf</name>
         <value>0x70f1</value>
         <object_component_ref idref="oc-2c9"/>
      </symbol>
      <symbol id="sm-bf5">
         <name>memcpy</name>
         <value>0x650d</value>
         <object_component_ref idref="oc-37"/>
      </symbol>
      <symbol id="sm-bf6">
         <name>__aeabi_memcpy</name>
         <value>0x650d</value>
         <object_component_ref idref="oc-37"/>
      </symbol>
      <symbol id="sm-bf7">
         <name>__aeabi_memcpy8</name>
         <value>0x650d</value>
         <object_component_ref idref="oc-37"/>
      </symbol>
      <symbol id="sm-bf8">
         <name>__aeabi_memcpy4</name>
         <value>0x650d</value>
         <object_component_ref idref="oc-37"/>
      </symbol>
      <symbol id="sm-c11">
         <name>__TI_zero_init_nomemset</name>
         <value>0x76c1</value>
         <object_component_ref idref="oc-43"/>
      </symbol>
      <symbol id="sm-c28">
         <name>__TI_decompress_none</name>
         <value>0x7925</value>
         <object_component_ref idref="oc-1d"/>
      </symbol>
      <symbol id="sm-c4b">
         <name>__TI_decompress_lzss</name>
         <value>0x6a39</value>
         <object_component_ref idref="oc-17"/>
      </symbol>
      <symbol id="sm-c5e">
         <name>__stack</name>
         <value>0x2000fe00</value>
         <object_component_ref idref="oc-29"/>
      </symbol>
      <symbol id="sm-c5f">
         <name>_c_int00_noargs</name>
         <value>0x7255</value>
         <object_component_ref idref="oc-55"/>
      </symbol>
      <symbol id="sm-dc4">
         <name>__TI_printfi</name>
         <value>0xe5</value>
         <object_component_ref idref="oc-41e"/>
      </symbol>
      <symbol id="sm-de4">
         <name>frexpl</name>
         <value>0x6b69</value>
         <object_component_ref idref="oc-66b"/>
      </symbol>
      <symbol id="sm-de5">
         <name>frexp</name>
         <value>0x6b69</value>
         <object_component_ref idref="oc-66b"/>
      </symbol>
      <symbol id="sm-e02">
         <name>scalbn</name>
         <value>0x5d35</value>
         <object_component_ref idref="oc-671"/>
      </symbol>
      <symbol id="sm-e03">
         <name>scalbnl</name>
         <value>0x5d35</value>
         <object_component_ref idref="oc-671"/>
      </symbol>
      <symbol id="sm-e04">
         <name>ldexpl</name>
         <value>0x5d35</value>
         <object_component_ref idref="oc-671"/>
      </symbol>
      <symbol id="sm-e05">
         <name>ldexp</name>
         <value>0x5d35</value>
         <object_component_ref idref="oc-671"/>
      </symbol>
      <symbol id="sm-e0f">
         <name>copysign</name>
         <value>0x772d</value>
         <object_component_ref idref="oc-6cf"/>
      </symbol>
      <symbol id="sm-e10">
         <name>copysignl</name>
         <value>0x772d</value>
         <object_component_ref idref="oc-6cf"/>
      </symbol>
      <symbol id="sm-e1d">
         <name>__aeabi_uldivmod</name>
         <value>0x65a9</value>
         <object_component_ref idref="oc-625"/>
      </symbol>
      <symbol id="sm-e2c">
         <name>__aeabi_memset</name>
         <value>0x68e7</value>
         <object_component_ref idref="oc-9f"/>
      </symbol>
      <symbol id="sm-e2d">
         <name>memset</name>
         <value>0x68ed</value>
         <object_component_ref idref="oc-9f"/>
      </symbol>
      <symbol id="sm-e2e">
         <name>__aeabi_memset8</name>
         <value>0x68e7</value>
         <object_component_ref idref="oc-9f"/>
      </symbol>
      <symbol id="sm-e2f">
         <name>__aeabi_memset4</name>
         <value>0x68e7</value>
         <object_component_ref idref="oc-9f"/>
      </symbol>
      <symbol id="sm-e30">
         <name>__aeabi_memclr8</name>
         <value>0x68e5</value>
         <object_component_ref idref="oc-9f"/>
      </symbol>
      <symbol id="sm-e31">
         <name>__aeabi_memclr4</name>
         <value>0x68e5</value>
         <object_component_ref idref="oc-9f"/>
      </symbol>
      <symbol id="sm-e32">
         <name>__aeabi_memclr</name>
         <value>0x68e5</value>
         <object_component_ref idref="oc-9f"/>
      </symbol>
      <symbol id="sm-e49">
         <name>__aeabi_dsub</name>
         <value>0x4e6d</value>
         <object_component_ref idref="oc-64b"/>
      </symbol>
      <symbol id="sm-e4a">
         <name>__aeabi_dadd</name>
         <value>0x4e77</value>
         <object_component_ref idref="oc-64b"/>
      </symbol>
      <symbol id="sm-e6c">
         <name>__aeabi_cdcmpeq</name>
         <value>0x675d</value>
         <object_component_ref idref="oc-546"/>
      </symbol>
      <symbol id="sm-e6d">
         <name>__aeabi_cdcmple</name>
         <value>0x675d</value>
         <object_component_ref idref="oc-546"/>
      </symbol>
      <symbol id="sm-e6e">
         <name>__aeabi_cdrcmple</name>
         <value>0x67e3</value>
         <object_component_ref idref="oc-636"/>
      </symbol>
      <symbol id="sm-e82">
         <name>__aeabi_ddiv</name>
         <value>0x59a5</value>
         <object_component_ref idref="oc-631"/>
      </symbol>
      <symbol id="sm-e8d">
         <name>__aeabi_dmul</name>
         <value>0x6055</value>
         <object_component_ref idref="oc-62c"/>
      </symbol>
      <symbol id="sm-e97">
         <name>__aeabi_d2iz</name>
         <value>0x7021</value>
         <object_component_ref idref="oc-63b"/>
      </symbol>
      <symbol id="sm-ea1">
         <name>__aeabi_i2d</name>
         <value>0x7349</value>
         <object_component_ref idref="oc-646"/>
      </symbol>
      <symbol id="sm-ec9">
         <name>__TI_auto_init_nobinit_nopinit</name>
         <value>0x70ad</value>
         <object_component_ref idref="oc-1ce"/>
      </symbol>
      <symbol id="sm-ed3">
         <name>_system_pre_init</name>
         <value>0x79ed</value>
         <object_component_ref idref="oc-a5"/>
      </symbol>
      <symbol id="sm-edf">
         <name>C$$EXIT</name>
         <value>0x79f1</value>
         <object_component_ref idref="oc-1c2"/>
      </symbol>
      <symbol id="sm-ee0">
         <name>abort</name>
         <value>0x79f1</value>
         <object_component_ref idref="oc-1c2"/>
      </symbol>
      <symbol id="sm-ef0">
         <name>__TI_ltoa</name>
         <value>0x6cd1</value>
         <object_component_ref idref="oc-640"/>
      </symbol>
      <symbol id="sm-f07">
         <name>atoi</name>
         <value>0x6eb1</value>
         <object_component_ref idref="oc-53a"/>
      </symbol>
      <symbol id="sm-f12">
         <name>_ctypes_</name>
         <value>0x8284</value>
         <object_component_ref idref="oc-620"/>
      </symbol>
      <symbol id="sm-f22">
         <name>memccpy</name>
         <value>0x76dd</value>
         <object_component_ref idref="oc-563"/>
      </symbol>
      <symbol id="sm-f32">
         <name>strchr</name>
         <value>0x7809</value>
         <object_component_ref idref="oc-677"/>
      </symbol>
      <symbol id="sm-f40">
         <name>strlen</name>
         <value>0x7885</value>
         <object_component_ref idref="oc-534"/>
      </symbol>
      <symbol id="sm-f56">
         <name>__aeabi_errno_addr</name>
         <value>0x79bd</value>
         <object_component_ref idref="oc-56f"/>
      </symbol>
      <symbol id="sm-f57">
         <name>errno</name>
         <value>0x20000640</value>
         <object_component_ref idref="oc-687"/>
      </symbol>
      <symbol id="sm-f70">
         <name>wcslen</name>
         <value>0x7899</value>
         <object_component_ref idref="oc-569"/>
      </symbol>
      <symbol id="sm-f7a">
         <name>__aeabi_idiv0</name>
         <value>0xb33</value>
         <object_component_ref idref="oc-6b6"/>
      </symbol>
      <symbol id="sm-f7b">
         <name>__aeabi_ldiv0</name>
         <value>0xb33</value>
         <object_component_ref idref="oc-6b6"/>
      </symbol>
      <symbol id="sm-f7c">
         <name>__TI_static_base__</name>
         <value>0x0</value>
      </symbol>
      <symbol id="sm-f7f">
         <name>__mpu_init</name>
         <value>0x0</value>
      </symbol>
      <symbol id="sm-f80">
         <name>_system_post_cinit</name>
         <value>0x0</value>
      </symbol>
      <symbol id="sm-f81">
         <name>NMI_Handler</name>
         <value>0x793f</value>
      </symbol>
      <symbol id="sm-f82">
         <name>HardFault_Handler</name>
         <value>0x793f</value>
      </symbol>
      <symbol id="sm-f83">
         <name>MemManage_Handler</name>
         <value>0x793f</value>
      </symbol>
      <symbol id="sm-f84">
         <name>BusFault_Handler</name>
         <value>0x793f</value>
      </symbol>
      <symbol id="sm-f85">
         <name>UsageFault_Handler</name>
         <value>0x793f</value>
      </symbol>
      <symbol id="sm-f86">
         <name>SVC_Handler</name>
         <value>0x793f</value>
      </symbol>
      <symbol id="sm-f87">
         <name>DebugMon_Handler</name>
         <value>0x793f</value>
      </symbol>
      <symbol id="sm-f88">
         <name>PendSV_Handler</name>
         <value>0x793f</value>
      </symbol>
      <symbol id="sm-f89">
         <name>SysTick_Handler</name>
         <value>0x793f</value>
      </symbol>
      <symbol id="sm-f8a">
         <name>PSS_IRQHandler</name>
         <value>0x793f</value>
      </symbol>
      <symbol id="sm-f8b">
         <name>CS_IRQHandler</name>
         <value>0x793f</value>
      </symbol>
      <symbol id="sm-f8c">
         <name>PCM_IRQHandler</name>
         <value>0x793f</value>
      </symbol>
      <symbol id="sm-f8d">
         <name>WDT_A_IRQHandler</name>
         <value>0x793f</value>
      </symbol>
      <symbol id="sm-f8e">
         <name>FPU_IRQHandler</name>
         <value>0x793f</value>
      </symbol>
      <symbol id="sm-f8f">
         <name>FLCTL_IRQHandler</name>
         <value>0x793f</value>
      </symbol>
      <symbol id="sm-f90">
         <name>COMP_E0_IRQHandler</name>
         <value>0x793f</value>
      </symbol>
      <symbol id="sm-f91">
         <name>COMP_E1_IRQHandler</name>
         <value>0x793f</value>
      </symbol>
      <symbol id="sm-f92">
         <name>TA0_0_IRQHandler</name>
         <value>0x793f</value>
      </symbol>
      <symbol id="sm-f93">
         <name>TA0_N_IRQHandler</name>
         <value>0x793f</value>
      </symbol>
      <symbol id="sm-f94">
         <name>TA1_0_IRQHandler</name>
         <value>0x793f</value>
      </symbol>
      <symbol id="sm-f95">
         <name>TA1_N_IRQHandler</name>
         <value>0x793f</value>
      </symbol>
      <symbol id="sm-f96">
         <name>TA2_0_IRQHandler</name>
         <value>0x793f</value>
      </symbol>
      <symbol id="sm-f97">
         <name>TA2_N_IRQHandler</name>
         <value>0x793f</value>
      </symbol>
      <symbol id="sm-f98">
         <name>TA3_0_IRQHandler</name>
         <value>0x44a5</value>
      </symbol>
      <symbol id="sm-f99">
         <name>TA3_N_IRQHandler</name>
         <value>0x4465</value>
      </symbol>
      <symbol id="sm-f9a">
         <name>EUSCIA0_IRQHandler</name>
         <value>0x793f</value>
      </symbol>
      <symbol id="sm-f9b">
         <name>EUSCIA1_IRQHandler</name>
         <value>0x793f</value>
      </symbol>
      <symbol id="sm-f9c">
         <name>EUSCIA2_IRQHandler</name>
         <value>0x793f</value>
      </symbol>
      <symbol id="sm-f9d">
         <name>EUSCIA3_IRQHandler</name>
         <value>0x793f</value>
      </symbol>
      <symbol id="sm-f9e">
         <name>EUSCIB0_IRQHandler</name>
         <value>0x793f</value>
      </symbol>
      <symbol id="sm-f9f">
         <name>EUSCIB1_IRQHandler</name>
         <value>0x38c9</value>
      </symbol>
      <symbol id="sm-fa0">
         <name>EUSCIB2_IRQHandler</name>
         <value>0x793f</value>
      </symbol>
      <symbol id="sm-fa1">
         <name>EUSCIB3_IRQHandler</name>
         <value>0x793f</value>
      </symbol>
      <symbol id="sm-fa2">
         <name>ADC14_IRQHandler</name>
         <value>0x793f</value>
      </symbol>
      <symbol id="sm-fa3">
         <name>T32_INT1_IRQHandler</name>
         <value>0x793f</value>
      </symbol>
      <symbol id="sm-fa4">
         <name>T32_INT2_IRQHandler</name>
         <value>0x793f</value>
      </symbol>
      <symbol id="sm-fa5">
         <name>T32_INTC_IRQHandler</name>
         <value>0x793f</value>
      </symbol>
      <symbol id="sm-fa6">
         <name>AES256_IRQHandler</name>
         <value>0x793f</value>
      </symbol>
      <symbol id="sm-fa7">
         <name>RTC_C_IRQHandler</name>
         <value>0x793f</value>
      </symbol>
      <symbol id="sm-fa8">
         <name>DMA_ERR_IRQHandler</name>
         <value>0x793f</value>
      </symbol>
      <symbol id="sm-fa9">
         <name>DMA_INT3_IRQHandler</name>
         <value>0x793f</value>
      </symbol>
      <symbol id="sm-faa">
         <name>DMA_INT2_IRQHandler</name>
         <value>0x793f</value>
      </symbol>
      <symbol id="sm-fab">
         <name>DMA_INT1_IRQHandler</name>
         <value>0x793f</value>
      </symbol>
      <symbol id="sm-fac">
         <name>DMA_INT0_IRQHandler</name>
         <value>0x793f</value>
      </symbol>
      <symbol id="sm-fad">
         <name>PORT1_IRQHandler</name>
         <value>0x793f</value>
      </symbol>
      <symbol id="sm-fae">
         <name>PORT2_IRQHandler</name>
         <value>0x793f</value>
      </symbol>
      <symbol id="sm-faf">
         <name>PORT3_IRQHandler</name>
         <value>0x793f</value>
      </symbol>
      <symbol id="sm-fb0">
         <name>PORT4_IRQHandler</name>
         <value>0x5efd</value>
      </symbol>
      <symbol id="sm-fb1">
         <name>PORT5_IRQHandler</name>
         <value>0x793f</value>
      </symbol>
      <symbol id="sm-fb2">
         <name>PORT6_IRQHandler</name>
         <value>0x2cb1</value>
      </symbol>
   </symbol_table>
   <title>Link successful</title>
</link_info>
